INFO 2025-09-27 21:23:46,353 autoreload Watching for file changes with StatReloader
INFO 2025-09-27 21:23:52,083 autoreload Watching for file changes with StatReloader
INFO 2025-09-27 21:28:36,848 autoreload Watching for file changes with StatReloader
INFO 2025-09-27 21:32:43,384 autoreload Watching for file changes with StatReloader
INFO 2025-09-27 22:25:30,551 autoreload Watching for file changes with StatReloader
INFO 2025-09-27 22:25:46,872 autoreload Watching for file changes with StatReloader
INFO 2025-09-27 22:26:29,915 autoreload Watching for file changes with StatReloader
INFO 2025-09-27 22:29:58,516 autoreload Watching for file changes with StatReloader
INFO 2025-09-27 22:31:01,330 autoreload Watching for file changes with StatReloader
INFO 2025-09-27 22:33:36,384 autoreload Watching for file changes with StatReloader
INFO 2025-09-27 22:34:38,890 autoreload C:\Labs\353504_Antonava_01\STRWEB\LR2\ZooShopApp\ZooShopApp\settings.py changed, reloading.
INFO 2025-09-27 22:40:22,305 autoreload Watching for file changes with StatReloader
INFO 2025-09-27 22:41:32,694 autoreload Watching for file changes with StatReloader
INFO 2025-09-27 22:41:35,399 basehttp "GET / HTTP/1.1" 200 9341
INFO 2025-09-27 22:41:35,502 basehttp "GET /static/css/base.css HTTP/1.1" 304 0
INFO 2025-09-27 22:41:35,506 basehttp "GET /static/css/footer.css HTTP/1.1" 304 0
INFO 2025-09-27 22:41:35,507 basehttp "GET /static/css/notifications.css HTTP/1.1" 304 0
INFO 2025-09-27 22:41:35,513 basehttp "GET /static/images/banner1.jpg HTTP/1.1" 304 0
INFO 2025-09-27 22:41:35,515 basehttp "GET /static/images/banner2.jpg HTTP/1.1" 304 0
INFO 2025-09-27 22:41:35,524 basehttp "GET /static/images/banner3.jpg HTTP/1.1" 304 0
INFO 2025-09-27 22:41:35,524 basehttp "GET /media/partners/baseavatar.jpg HTTP/1.1" 304 0
INFO 2025-09-27 22:41:35,530 basehttp "GET /static/icons/animal.ico HTTP/1.1" 304 0
INFO 2025-09-27 22:41:35,530 basehttp "GET /static/js/script.js HTTP/1.1" 304 0
INFO 2025-09-27 22:41:35,531 basehttp "GET /static/css/main/index.css HTTP/1.1" 304 0
INFO 2025-09-27 22:41:35,532 basehttp "GET /media/partners/baseavatar_64wQ8mi.jpg HTTP/1.1" 304 0
INFO 2025-09-27 22:41:35,532 basehttp "GET /media/partners/baseavatar_xg5AIgP.jpg HTTP/1.1" 304 0
INFO 2025-09-27 22:41:35,534 basehttp "GET /static/js/jquery/jquery-3.7.1.min.js HTTP/1.1" 304 0
WARNING 2025-09-27 22:41:44,042 log Not Found: /.well-known/appspecific/com.chrome.devtools.json
WARNING 2025-09-27 22:41:44,042 basehttp "GET /.well-known/appspecific/com.chrome.devtools.json HTTP/1.1" 404 5872
INFO 2025-09-27 22:41:46,563 basehttp "GET /static/images/banner2-small.jpg HTTP/1.1" 200 10090
INFO 2025-09-27 22:41:46,597 basehttp "GET /static/images/banner1-small.jpg HTTP/1.1" 200 19914
INFO 2025-09-27 22:41:46,604 basehttp "GET /static/images/banner3-small.jpg HTTP/1.1" 200 6770
INFO 2025-09-27 23:49:12,870 autoreload Watching for file changes with StatReloader
INFO 2025-09-27 23:49:15,566 basehttp "GET / HTTP/1.1" 200 9686
INFO 2025-09-27 23:49:15,876 basehttp "GET /static/images/fish1.png HTTP/1.1" 200 2205819
INFO 2025-09-27 23:49:15,895 basehttp "GET /static/images/fish2.png HTTP/1.1" 200 1352197
INFO 2025-09-27 23:49:15,902 basehttp "GET /static/images/seaweed.png HTTP/1.1" 200 1584444
INFO 2025-09-27 23:49:16,778 basehttp "GET / HTTP/1.1" 200 9686
INFO 2025-09-27 23:49:16,785 basehttp "GET /static/images/seaweed.png HTTP/1.1" 304 0
INFO 2025-09-28 14:31:05,316 autoreload Watching for file changes with StatReloader
INFO 2025-09-28 14:31:09,351 basehttp "GET / HTTP/1.1" 200 9686
INFO 2025-09-28 14:31:09,362 basehttp "GET /static/css/base.css HTTP/1.1" 304 0
INFO 2025-09-28 14:31:09,364 basehttp "GET /static/css/footer.css HTTP/1.1" 304 0
INFO 2025-09-28 14:31:09,365 basehttp "GET /static/css/notifications.css HTTP/1.1" 304 0
INFO 2025-09-28 14:31:09,369 basehttp "GET /static/images/fish2.png HTTP/1.1" 304 0
INFO 2025-09-28 14:31:09,370 basehttp "GET /static/images/fish1.png HTTP/1.1" 304 0
INFO 2025-09-28 14:31:09,370 basehttp "GET /static/images/seaweed.png HTTP/1.1" 304 0
INFO 2025-09-28 14:31:09,372 basehttp "GET /static/images/banner1.jpg HTTP/1.1" 304 0
INFO 2025-09-28 14:31:09,373 basehttp "GET /static/images/banner3.jpg HTTP/1.1" 304 0
INFO 2025-09-28 14:31:09,373 basehttp "GET /static/js/script.js HTTP/1.1" 304 0
INFO 2025-09-28 14:31:09,376 basehttp "GET /static/images/banner2.jpg HTTP/1.1" 304 0
INFO 2025-09-28 14:31:09,464 basehttp "GET /static/css/main/index.css HTTP/1.1" 200 2327
INFO 2025-09-28 14:31:17,824 basehttp "GET / HTTP/1.1" 200 9686
INFO 2025-09-28 14:31:17,832 basehttp "GET /static/css/main/index.css HTTP/1.1" 304 0
INFO 2025-09-28 14:32:21,295 autoreload Watching for file changes with StatReloader
INFO 2025-09-28 14:32:24,282 basehttp "GET / HTTP/1.1" 200 9686
INFO 2025-09-28 14:32:24,398 basehttp "GET /static/css/main/index.css HTTP/1.1" 200 2499
INFO 2025-09-28 14:33:31,237 autoreload Watching for file changes with StatReloader
INFO 2025-09-28 14:33:31,709 basehttp "GET / HTTP/1.1" 200 9686
INFO 2025-09-28 14:33:31,850 basehttp "GET /static/css/main/index.css HTTP/1.1" 200 2535
INFO 2025-09-28 14:34:01,985 autoreload Watching for file changes with StatReloader
INFO 2025-09-28 14:34:06,707 basehttp "GET / HTTP/1.1" 200 9686
INFO 2025-09-28 14:34:06,825 basehttp "GET /static/css/main/index.css HTTP/1.1" 200 2768
INFO 2025-09-28 14:36:20,824 autoreload Watching for file changes with StatReloader
INFO 2025-09-28 14:36:23,229 basehttp "GET / HTTP/1.1" 200 9686
INFO 2025-09-28 14:36:23,334 basehttp "GET /static/css/main/index.css HTTP/1.1" 200 2751
INFO 2025-09-28 14:37:31,325 autoreload Watching for file changes with StatReloader
INFO 2025-09-28 14:37:33,715 basehttp "GET / HTTP/1.1" 200 9686
INFO 2025-09-28 14:37:33,823 basehttp "GET /static/css/main/index.css HTTP/1.1" 200 2751
INFO 2025-09-28 14:39:17,359 autoreload Watching for file changes with StatReloader
INFO 2025-09-28 14:39:24,397 basehttp "GET / HTTP/1.1" 200 9686
INFO 2025-09-28 14:39:24,505 basehttp "GET /static/css/main/index.css HTTP/1.1" 200 2792
INFO 2025-09-28 14:41:41,059 basehttp "GET / HTTP/1.1" 200 9686
INFO 2025-09-28 14:41:41,066 basehttp "GET /static/css/main/index.css HTTP/1.1" 304 0
INFO 2025-09-28 14:49:13,922 autoreload Watching for file changes with StatReloader
INFO 2025-09-28 14:49:16,386 basehttp "GET / HTTP/1.1" 200 9686
INFO 2025-09-28 14:49:16,501 basehttp "GET /static/css/main/index.css HTTP/1.1" 200 2403
INFO 2025-09-28 14:50:08,824 autoreload Watching for file changes with StatReloader
INFO 2025-09-28 14:50:11,594 basehttp "GET / HTTP/1.1" 200 9686
INFO 2025-09-28 14:50:11,703 basehttp "GET /static/css/main/index.css HTTP/1.1" 200 2792
INFO 2025-09-28 14:56:55,862 autoreload Watching for file changes with StatReloader
INFO 2025-09-28 14:56:56,555 basehttp "GET / HTTP/1.1" 200 9696
INFO 2025-09-28 14:56:56,681 basehttp "GET /static/css/main/index.css HTTP/1.1" 200 2837
INFO 2025-09-28 14:57:00,902 basehttp "GET / HTTP/1.1" 200 9696
INFO 2025-09-28 14:57:00,910 basehttp "GET /static/css/main/index.css HTTP/1.1" 304 0
INFO 2025-09-28 14:58:09,028 autoreload Watching for file changes with StatReloader
INFO 2025-09-28 14:58:11,819 basehttp "GET / HTTP/1.1" 200 9696
INFO 2025-09-28 14:58:11,930 basehttp "GET /static/css/main/index.css HTTP/1.1" 200 2636
INFO 2025-09-28 14:59:02,858 autoreload Watching for file changes with StatReloader
INFO 2025-09-28 14:59:03,462 basehttp "GET / HTTP/1.1" 200 9696
INFO 2025-09-28 14:59:03,572 basehttp "GET /static/css/main/index.css HTTP/1.1" 200 2588
INFO 2025-09-28 14:59:42,098 autoreload Watching for file changes with StatReloader
INFO 2025-09-28 14:59:42,617 basehttp "GET / HTTP/1.1" 200 9696
INFO 2025-09-28 14:59:42,747 basehttp "GET /static/css/main/index.css HTTP/1.1" 200 2672
INFO 2025-09-28 15:04:18,508 autoreload Watching for file changes with StatReloader
INFO 2025-09-28 15:04:20,947 basehttp "GET / HTTP/1.1" 200 9696
INFO 2025-09-28 15:04:21,062 basehttp "GET /static/css/main/index.css HTTP/1.1" 200 2682
INFO 2025-09-28 15:04:25,627 basehttp "GET / HTTP/1.1" 200 9696
INFO 2025-09-28 15:04:25,636 basehttp "GET /static/css/main/index.css HTTP/1.1" 304 0
INFO 2025-09-28 15:04:59,825 autoreload Watching for file changes with StatReloader
INFO 2025-09-28 15:05:01,577 basehttp "GET / HTTP/1.1" 200 9696
INFO 2025-09-28 15:05:01,698 basehttp "GET /static/css/main/index.css HTTP/1.1" 200 2646
INFO 2025-09-28 15:05:53,601 autoreload Watching for file changes with StatReloader
INFO 2025-09-28 15:05:57,191 basehttp "GET / HTTP/1.1" 200 9696
INFO 2025-09-28 15:05:57,301 basehttp "GET /static/css/main/index.css HTTP/1.1" 200 2953
INFO 2025-09-28 15:08:40,513 autoreload Watching for file changes with StatReloader
INFO 2025-09-28 15:08:41,192 basehttp "GET / HTTP/1.1" 200 9696
INFO 2025-09-28 15:08:41,331 basehttp "GET /static/css/main/index.css HTTP/1.1" 200 2908
INFO 2025-09-28 15:09:25,084 autoreload Watching for file changes with StatReloader
INFO 2025-09-28 15:09:25,635 basehttp "GET / HTTP/1.1" 200 9686
INFO 2025-09-28 15:09:25,758 basehttp "GET /static/css/main/index.css HTTP/1.1" 200 2908
INFO 2025-09-28 15:11:01,213 autoreload Watching for file changes with StatReloader
INFO 2025-09-28 15:11:07,410 basehttp "GET / HTTP/1.1" 200 9803
INFO 2025-09-28 15:11:07,516 basehttp "GET /static/css/main/index.css HTTP/1.1" 200 2781
INFO 2025-09-28 15:11:11,035 basehttp "GET / HTTP/1.1" 200 9803
INFO 2025-09-28 15:11:11,042 basehttp "GET /static/css/main/index.css HTTP/1.1" 304 0
INFO 2025-09-28 15:11:43,612 autoreload Watching for file changes with StatReloader
INFO 2025-09-28 15:11:46,568 basehttp "GET / HTTP/1.1" 200 9803
INFO 2025-09-28 15:11:46,575 basehttp "GET /static/css/main/index.css HTTP/1.1" 304 0
INFO 2025-09-28 15:12:16,199 autoreload Watching for file changes with StatReloader
INFO 2025-09-28 15:12:26,074 autoreload Watching for file changes with StatReloader
INFO 2025-09-28 15:12:26,625 basehttp "GET / HTTP/1.1" 200 9803
INFO 2025-09-28 15:12:26,766 basehttp "GET /static/css/main/index.css HTTP/1.1" 200 2710
INFO 2025-09-28 15:12:47,354 autoreload Watching for file changes with StatReloader
INFO 2025-09-28 15:12:54,292 basehttp "GET / HTTP/1.1" 200 9803
INFO 2025-09-28 15:12:54,406 basehttp "GET /static/css/main/index.css HTTP/1.1" 200 2684
INFO 2025-09-28 15:13:33,481 autoreload Watching for file changes with StatReloader
INFO 2025-09-28 15:13:35,519 basehttp "GET / HTTP/1.1" 200 9803
INFO 2025-09-28 15:13:35,664 basehttp "GET /static/css/main/index.css HTTP/1.1" 200 2684
INFO 2025-09-28 15:16:11,520 basehttp "GET / HTTP/1.1" 200 9803
INFO 2025-09-28 15:16:11,529 basehttp "GET /static/css/main/index.css HTTP/1.1" 304 0
INFO 2025-09-28 15:17:45,877 autoreload Watching for file changes with StatReloader
INFO 2025-09-28 15:17:48,763 basehttp "GET / HTTP/1.1" 200 9803
INFO 2025-09-28 15:17:48,879 basehttp "GET /static/css/main/index.css HTTP/1.1" 200 2940
INFO 2025-09-28 15:21:24,674 autoreload Watching for file changes with StatReloader
INFO 2025-09-28 15:21:26,140 basehttp "GET / HTTP/1.1" 200 9803
INFO 2025-09-28 15:21:26,253 basehttp "GET /static/css/main/index.css HTTP/1.1" 200 2733
INFO 2025-09-28 15:21:38,307 autoreload Watching for file changes with StatReloader
INFO 2025-09-28 15:21:41,276 basehttp "GET / HTTP/1.1" 200 9803
INFO 2025-09-28 15:21:41,389 basehttp "GET /static/css/main/index.css HTTP/1.1" 200 2684
INFO 2025-09-28 16:02:36,778 autoreload Watching for file changes with StatReloader
INFO 2025-09-28 16:02:49,359 basehttp "GET / HTTP/1.1" 200 9803
INFO 2025-09-28 16:02:49,370 basehttp "GET /static/images/fish1.png HTTP/1.1" 304 0
INFO 2025-09-28 16:02:49,371 basehttp "GET /static/images/fish2.png HTTP/1.1" 304 0
INFO 2025-09-28 16:02:49,373 basehttp "GET /static/images/seaweed.png HTTP/1.1" 304 0
INFO 2025-09-28 16:02:49,473 basehttp "GET /static/css/main/index.css HTTP/1.1" 200 2702
INFO 2025-09-28 16:03:30,326 autoreload Watching for file changes with StatReloader
INFO 2025-09-28 16:03:35,342 basehttp "GET / HTTP/1.1" 200 9803
INFO 2025-09-28 16:03:35,448 basehttp "GET /static/css/main/index.css HTTP/1.1" 200 2702
INFO 2025-09-28 16:04:15,524 autoreload Watching for file changes with StatReloader
INFO 2025-09-28 16:04:18,608 basehttp "GET / HTTP/1.1" 200 9803
INFO 2025-09-28 16:04:18,754 basehttp "GET /static/css/main/index.css HTTP/1.1" 200 2702
INFO 2025-09-28 16:05:29,459 autoreload Watching for file changes with StatReloader
INFO 2025-09-28 16:05:30,467 basehttp "GET / HTTP/1.1" 200 9803
INFO 2025-09-28 16:05:30,579 basehttp "GET /static/css/main/index.css HTTP/1.1" 200 2702
INFO 2025-09-28 16:08:11,770 autoreload Watching for file changes with StatReloader
INFO 2025-09-28 16:08:16,523 basehttp "GET / HTTP/1.1" 200 9803
INFO 2025-09-28 16:08:16,638 basehttp "GET /static/css/main/index.css HTTP/1.1" 200 2924
INFO 2025-09-28 16:09:25,368 autoreload Watching for file changes with StatReloader
INFO 2025-09-28 16:09:27,858 basehttp "GET / HTTP/1.1" 200 9803
INFO 2025-09-28 16:09:27,975 basehttp "GET /static/css/main/index.css HTTP/1.1" 200 2778
INFO 2025-09-28 16:49:47,120 autoreload Watching for file changes with StatReloader
INFO 2025-09-28 16:49:49,760 basehttp "GET / HTTP/1.1" 200 10107
INFO 2025-09-28 16:49:49,874 basehttp "GET /static/css/main/index.css HTTP/1.1" 200 3084
INFO 2025-09-28 16:50:30,456 autoreload Watching for file changes with StatReloader
INFO 2025-09-28 16:50:31,206 basehttp "GET / HTTP/1.1" 200 10107
INFO 2025-09-28 16:50:31,324 basehttp "GET /static/css/main/index.css HTTP/1.1" 200 3110
INFO 2025-09-28 16:51:14,942 autoreload Watching for file changes with StatReloader
INFO 2025-09-28 16:51:15,611 basehttp "GET / HTTP/1.1" 200 10107
INFO 2025-09-28 16:51:15,733 basehttp "GET /static/css/main/index.css HTTP/1.1" 200 3110
INFO 2025-09-28 16:52:37,146 autoreload Watching for file changes with StatReloader
INFO 2025-09-28 16:52:37,757 basehttp "GET / HTTP/1.1" 200 10107
INFO 2025-09-28 16:52:37,886 basehttp "GET /static/css/main/index.css HTTP/1.1" 200 3110
INFO 2025-09-28 16:53:33,746 autoreload Watching for file changes with StatReloader
INFO 2025-09-28 16:53:37,051 basehttp "GET / HTTP/1.1" 200 10107
INFO 2025-09-28 16:53:37,166 basehttp "GET /static/css/main/index.css HTTP/1.1" 200 3110
INFO 2025-09-28 16:56:11,462 autoreload Watching for file changes with StatReloader
INFO 2025-09-28 16:56:12,069 basehttp "GET / HTTP/1.1" 200 10107
INFO 2025-09-28 16:56:12,178 basehttp "GET /static/css/main/index.css HTTP/1.1" 200 3111
INFO 2025-09-28 17:00:48,690 autoreload Watching for file changes with StatReloader
INFO 2025-09-28 17:00:49,259 basehttp "GET / HTTP/1.1" 200 10458
INFO 2025-09-28 17:00:49,389 basehttp "GET /static/css/main/index.css HTTP/1.1" 200 3096
INFO 2025-09-28 17:02:11,898 autoreload Watching for file changes with StatReloader
ERROR 2025-09-28 17:02:14,088 log Internal Server Error: /
Traceback (most recent call last):
  File "C:\Labs\353504_Antonava_01\STRWEB\LR2\ZooShopApp\.venv\Lib\site-packages\django\core\handlers\exception.py", line 55, in inner
    response = get_response(request)
               ^^^^^^^^^^^^^^^^^^^^^
  File "C:\Labs\353504_Antonava_01\STRWEB\LR2\ZooShopApp\.venv\Lib\site-packages\django\core\handlers\base.py", line 197, in _get_response
    response = wrapped_callback(request, *callback_args, **callback_kwargs)
               ^^^^^^^^^^^^^^^^^^^^^^^^^^^^^^^^^^^^^^^^^^^^^^^^^^^^^^^^^^^^
  File "C:\Labs\353504_Antonava_01\STRWEB\LR2\ZooShopApp\main\views.py", line 29, in index
    return render(request, 'main/index.html', context)
           ^^^^^^^^^^^^^^^^^^^^^^^^^^^^^^^^^^^^^^^^^^^
  File "C:\Labs\353504_Antonava_01\STRWEB\LR2\ZooShopApp\.venv\Lib\site-packages\django\shortcuts.py", line 25, in render
    content = loader.render_to_string(template_name, context, request, using=using)
              ^^^^^^^^^^^^^^^^^^^^^^^^^^^^^^^^^^^^^^^^^^^^^^^^^^^^^^^^^^^^^^^^^^^^^
  File "C:\Labs\353504_Antonava_01\STRWEB\LR2\ZooShopApp\.venv\Lib\site-packages\django\template\loader.py", line 61, in render_to_string
    template = get_template(template_name, using=using)
               ^^^^^^^^^^^^^^^^^^^^^^^^^^^^^^^^^^^^^^^^
  File "C:\Labs\353504_Antonava_01\STRWEB\LR2\ZooShopApp\.venv\Lib\site-packages\django\template\loader.py", line 15, in get_template
    return engine.get_template(template_name)
           ^^^^^^^^^^^^^^^^^^^^^^^^^^^^^^^^^^
  File "C:\Labs\353504_Antonava_01\STRWEB\LR2\ZooShopApp\.venv\Lib\site-packages\django\template\backends\django.py", line 79, in get_template
    return Template(self.engine.get_template(template_name), self)
                    ^^^^^^^^^^^^^^^^^^^^^^^^^^^^^^^^^^^^^^^
  File "C:\Labs\353504_Antonava_01\STRWEB\LR2\ZooShopApp\.venv\Lib\site-packages\django\template\engine.py", line 177, in get_template
    template, origin = self.find_template(template_name)
                       ^^^^^^^^^^^^^^^^^^^^^^^^^^^^^^^^^
  File "C:\Labs\353504_Antonava_01\STRWEB\LR2\ZooShopApp\.venv\Lib\site-packages\django\template\engine.py", line 159, in find_template
    template = loader.get_template(name, skip=skip)
               ^^^^^^^^^^^^^^^^^^^^^^^^^^^^^^^^^^^^
  File "C:\Labs\353504_Antonava_01\STRWEB\LR2\ZooShopApp\.venv\Lib\site-packages\django\template\loaders\cached.py", line 57, in get_template
    template = super().get_template(template_name, skip)
               ^^^^^^^^^^^^^^^^^^^^^^^^^^^^^^^^^^^^^^^^^
  File "C:\Labs\353504_Antonava_01\STRWEB\LR2\ZooShopApp\.venv\Lib\site-packages\django\template\loaders\base.py", line 28, in get_template
    return Template(
           ^^^^^^^^^
  File "C:\Labs\353504_Antonava_01\STRWEB\LR2\ZooShopApp\.venv\Lib\site-packages\django\template\base.py", line 154, in __init__
    self.nodelist = self.compile_nodelist()
                    ^^^^^^^^^^^^^^^^^^^^^^^
  File "C:\Labs\353504_Antonava_01\STRWEB\LR2\ZooShopApp\.venv\Lib\site-packages\django\template\base.py", line 196, in compile_nodelist
    nodelist = parser.parse()
               ^^^^^^^^^^^^^^
  File "C:\Labs\353504_Antonava_01\STRWEB\LR2\ZooShopApp\.venv\Lib\site-packages\django\template\base.py", line 518, in parse
    raise self.error(token, e)
  File "C:\Labs\353504_Antonava_01\STRWEB\LR2\ZooShopApp\.venv\Lib\site-packages\django\template\base.py", line 516, in parse
    compiled_result = compile_func(self, token)
                      ^^^^^^^^^^^^^^^^^^^^^^^^^
  File "C:\Labs\353504_Antonava_01\STRWEB\LR2\ZooShopApp\.venv\Lib\site-packages\django\template\loader_tags.py", line 299, in do_extends
    nodelist = parser.parse()
               ^^^^^^^^^^^^^^
  File "C:\Labs\353504_Antonava_01\STRWEB\LR2\ZooShopApp\.venv\Lib\site-packages\django\template\base.py", line 518, in parse
    raise self.error(token, e)
  File "C:\Labs\353504_Antonava_01\STRWEB\LR2\ZooShopApp\.venv\Lib\site-packages\django\template\base.py", line 516, in parse
    compiled_result = compile_func(self, token)
                      ^^^^^^^^^^^^^^^^^^^^^^^^^
  File "C:\Labs\353504_Antonava_01\STRWEB\LR2\ZooShopApp\.venv\Lib\site-packages\django\template\loader_tags.py", line 234, in do_block
    nodelist = parser.parse(("endblock",))
               ^^^^^^^^^^^^^^^^^^^^^^^^^^^
  File "C:\Labs\353504_Antonava_01\STRWEB\LR2\ZooShopApp\.venv\Lib\site-packages\django\template\base.py", line 518, in parse
    raise self.error(token, e)
  File "C:\Labs\353504_Antonava_01\STRWEB\LR2\ZooShopApp\.venv\Lib\site-packages\django\template\base.py", line 516, in parse
    compiled_result = compile_func(self, token)
                      ^^^^^^^^^^^^^^^^^^^^^^^^^
  File "C:\Labs\353504_Antonava_01\STRWEB\LR2\ZooShopApp\.venv\Lib\site-packages\django\template\defaulttags.py", line 861, in do_for
    sequence = parser.compile_filter(bits[in_index + 1])
               ^^^^^^^^^^^^^^^^^^^^^^^^^^^^^^^^^^^^^^^^^
  File "C:\Labs\353504_Antonava_01\STRWEB\LR2\ZooShopApp\.venv\Lib\site-packages\django\template\base.py", line 609, in compile_filter
    return FilterExpression(token, self)
           ^^^^^^^^^^^^^^^^^^^^^^^^^^^^^
  File "C:\Labs\353504_Antonava_01\STRWEB\LR2\ZooShopApp\.venv\Lib\site-packages\django\template\base.py", line 705, in __init__
    filter_func = parser.find_filter(filter_name)
                  ^^^^^^^^^^^^^^^^^^^^^^^^^^^^^^^
  File "C:\Labs\353504_Antonava_01\STRWEB\LR2\ZooShopApp\.venv\Lib\site-packages\django\template\base.py", line 615, in find_filter
    raise TemplateSyntaxError("Invalid filter: '%s'" % filter_name)
django.template.exceptions.TemplateSyntaxError: Invalid filter: 'to'
ERROR 2025-09-28 17:02:14,101 basehttp "GET / HTTP/1.1" 500 269090
WARNING 2025-09-28 17:02:14,239 log Not Found: /favicon.ico
WARNING 2025-09-28 17:02:14,239 basehttp "GET /favicon.ico HTTP/1.1" 404 5761
INFO 2025-09-28 17:04:44,594 autoreload Watching for file changes with StatReloader
ERROR 2025-09-28 17:04:48,820 log Internal Server Error: /
Traceback (most recent call last):
  File "C:\Labs\353504_Antonava_01\STRWEB\LR2\ZooShopApp\.venv\Lib\site-packages\django\core\handlers\exception.py", line 55, in inner
    response = get_response(request)
               ^^^^^^^^^^^^^^^^^^^^^
  File "C:\Labs\353504_Antonava_01\STRWEB\LR2\ZooShopApp\.venv\Lib\site-packages\django\core\handlers\base.py", line 197, in _get_response
    response = wrapped_callback(request, *callback_args, **callback_kwargs)
               ^^^^^^^^^^^^^^^^^^^^^^^^^^^^^^^^^^^^^^^^^^^^^^^^^^^^^^^^^^^^
  File "C:\Labs\353504_Antonava_01\STRWEB\LR2\ZooShopApp\main\views.py", line 29, in index
    return render(request, 'main/index.html', context)
           ^^^^^^^^^^^^^^^^^^^^^^^^^^^^^^^^^^^^^^^^^^^
  File "C:\Labs\353504_Antonava_01\STRWEB\LR2\ZooShopApp\.venv\Lib\site-packages\django\shortcuts.py", line 25, in render
    content = loader.render_to_string(template_name, context, request, using=using)
              ^^^^^^^^^^^^^^^^^^^^^^^^^^^^^^^^^^^^^^^^^^^^^^^^^^^^^^^^^^^^^^^^^^^^^
  File "C:\Labs\353504_Antonava_01\STRWEB\LR2\ZooShopApp\.venv\Lib\site-packages\django\template\loader.py", line 61, in render_to_string
    template = get_template(template_name, using=using)
               ^^^^^^^^^^^^^^^^^^^^^^^^^^^^^^^^^^^^^^^^
  File "C:\Labs\353504_Antonava_01\STRWEB\LR2\ZooShopApp\.venv\Lib\site-packages\django\template\loader.py", line 15, in get_template
    return engine.get_template(template_name)
           ^^^^^^^^^^^^^^^^^^^^^^^^^^^^^^^^^^
  File "C:\Labs\353504_Antonava_01\STRWEB\LR2\ZooShopApp\.venv\Lib\site-packages\django\template\backends\django.py", line 79, in get_template
    return Template(self.engine.get_template(template_name), self)
                    ^^^^^^^^^^^^^^^^^^^^^^^^^^^^^^^^^^^^^^^
  File "C:\Labs\353504_Antonava_01\STRWEB\LR2\ZooShopApp\.venv\Lib\site-packages\django\template\engine.py", line 177, in get_template
    template, origin = self.find_template(template_name)
                       ^^^^^^^^^^^^^^^^^^^^^^^^^^^^^^^^^
  File "C:\Labs\353504_Antonava_01\STRWEB\LR2\ZooShopApp\.venv\Lib\site-packages\django\template\engine.py", line 159, in find_template
    template = loader.get_template(name, skip=skip)
               ^^^^^^^^^^^^^^^^^^^^^^^^^^^^^^^^^^^^
  File "C:\Labs\353504_Antonava_01\STRWEB\LR2\ZooShopApp\.venv\Lib\site-packages\django\template\loaders\cached.py", line 57, in get_template
    template = super().get_template(template_name, skip)
               ^^^^^^^^^^^^^^^^^^^^^^^^^^^^^^^^^^^^^^^^^
  File "C:\Labs\353504_Antonava_01\STRWEB\LR2\ZooShopApp\.venv\Lib\site-packages\django\template\loaders\base.py", line 28, in get_template
    return Template(
           ^^^^^^^^^
  File "C:\Labs\353504_Antonava_01\STRWEB\LR2\ZooShopApp\.venv\Lib\site-packages\django\template\base.py", line 154, in __init__
    self.nodelist = self.compile_nodelist()
                    ^^^^^^^^^^^^^^^^^^^^^^^
  File "C:\Labs\353504_Antonava_01\STRWEB\LR2\ZooShopApp\.venv\Lib\site-packages\django\template\base.py", line 196, in compile_nodelist
    nodelist = parser.parse()
               ^^^^^^^^^^^^^^
  File "C:\Labs\353504_Antonava_01\STRWEB\LR2\ZooShopApp\.venv\Lib\site-packages\django\template\base.py", line 518, in parse
    raise self.error(token, e)
  File "C:\Labs\353504_Antonava_01\STRWEB\LR2\ZooShopApp\.venv\Lib\site-packages\django\template\base.py", line 516, in parse
    compiled_result = compile_func(self, token)
                      ^^^^^^^^^^^^^^^^^^^^^^^^^
  File "C:\Labs\353504_Antonava_01\STRWEB\LR2\ZooShopApp\.venv\Lib\site-packages\django\template\loader_tags.py", line 299, in do_extends
    nodelist = parser.parse()
               ^^^^^^^^^^^^^^
  File "C:\Labs\353504_Antonava_01\STRWEB\LR2\ZooShopApp\.venv\Lib\site-packages\django\template\base.py", line 518, in parse
    raise self.error(token, e)
  File "C:\Labs\353504_Antonava_01\STRWEB\LR2\ZooShopApp\.venv\Lib\site-packages\django\template\base.py", line 516, in parse
    compiled_result = compile_func(self, token)
                      ^^^^^^^^^^^^^^^^^^^^^^^^^
  File "C:\Labs\353504_Antonava_01\STRWEB\LR2\ZooShopApp\.venv\Lib\site-packages\django\template\loader_tags.py", line 234, in do_block
    nodelist = parser.parse(("endblock",))
               ^^^^^^^^^^^^^^^^^^^^^^^^^^^
  File "C:\Labs\353504_Antonava_01\STRWEB\LR2\ZooShopApp\.venv\Lib\site-packages\django\template\base.py", line 518, in parse
    raise self.error(token, e)
  File "C:\Labs\353504_Antonava_01\STRWEB\LR2\ZooShopApp\.venv\Lib\site-packages\django\template\base.py", line 516, in parse
    compiled_result = compile_func(self, token)
                      ^^^^^^^^^^^^^^^^^^^^^^^^^
  File "C:\Labs\353504_Antonava_01\STRWEB\LR2\ZooShopApp\.venv\Lib\site-packages\django\template\defaulttags.py", line 1531, in do_with
    extra_context = token_kwargs(remaining_bits, parser, support_legacy=True)
                    ^^^^^^^^^^^^^^^^^^^^^^^^^^^^^^^^^^^^^^^^^^^^^^^^^^^^^^^^^
  File "C:\Labs\353504_Antonava_01\STRWEB\LR2\ZooShopApp\.venv\Lib\site-packages\django\template\base.py", line 1127, in token_kwargs
    kwargs[key] = parser.compile_filter(value)
                  ^^^^^^^^^^^^^^^^^^^^^^^^^^^^
  File "C:\Labs\353504_Antonava_01\STRWEB\LR2\ZooShopApp\.venv\Lib\site-packages\django\template\base.py", line 609, in compile_filter
    return FilterExpression(token, self)
           ^^^^^^^^^^^^^^^^^^^^^^^^^^^^^
  File "C:\Labs\353504_Antonava_01\STRWEB\LR2\ZooShopApp\.venv\Lib\site-packages\django\template\base.py", line 710, in __init__
    raise TemplateSyntaxError(
django.template.exceptions.TemplateSyntaxError: Could not parse the remainder: '(0,' from 'range(0,'
ERROR 2025-09-28 17:04:48,828 basehttp "GET / HTTP/1.1" 500 270576
INFO 2025-09-28 17:06:30,142 autoreload Watching for file changes with StatReloader
INFO 2025-09-28 17:06:33,268 basehttp "GET / HTTP/1.1" 200 13756
INFO 2025-09-28 17:06:33,280 basehttp "GET /static/css/main/index.css HTTP/1.1" 304 0
INFO 2025-09-28 17:07:12,867 autoreload Watching for file changes with StatReloader
INFO 2025-09-28 17:07:13,463 basehttp "GET / HTTP/1.1" 200 12261
INFO 2025-09-28 17:07:13,473 basehttp "GET /static/css/main/index.css HTTP/1.1" 304 0
INFO 2025-09-28 17:07:40,433 autoreload Watching for file changes with StatReloader
INFO 2025-09-28 17:07:42,702 basehttp "GET / HTTP/1.1" 200 11020
INFO 2025-09-28 17:08:21,368 autoreload Watching for file changes with StatReloader
INFO 2025-09-28 17:08:21,924 basehttp "GET / HTTP/1.1" 200 11021
INFO 2025-09-28 17:08:21,934 basehttp "GET /static/css/main/index.css HTTP/1.1" 304 0
INFO 2025-09-28 17:08:48,873 autoreload Watching for file changes with StatReloader
INFO 2025-09-28 17:08:49,405 basehttp "GET / HTTP/1.1" 200 10772
INFO 2025-10-05 21:25:04,243 autoreload Watching for file changes with StatReloader
INFO 2025-10-05 21:25:18,916 basehttp "GET / HTTP/1.1" 200 10764
INFO 2025-10-05 21:25:19,744 basehttp "GET /static/css/notifications.css HTTP/1.1" 200 746
INFO 2025-10-05 21:25:19,774 basehttp "GET /static/images/seaweed.png HTTP/1.1" 200 1584444
INFO 2025-10-05 21:25:19,782 basehttp "GET /static/js/jquery/jquery-3.7.1.min.js HTTP/1.1" 200 87535
INFO 2025-10-05 21:25:19,791 basehttp "GET /static/js/script.js HTTP/1.1" 200 4461
INFO 2025-10-05 21:25:19,799 basehttp "GET /static/icons/animal.ico HTTP/1.1" 200 34453
INFO 2025-10-05 21:25:19,805 basehttp "GET /static/images/banner1.jpg HTTP/1.1" 200 42882
INFO 2025-10-05 21:25:19,813 basehttp "GET /static/images/banner2.jpg HTTP/1.1" 200 15668
INFO 2025-10-05 21:25:19,819 basehttp "GET /static/images/banner3.jpg HTTP/1.1" 200 8842
INFO 2025-10-05 21:25:19,828 basehttp "GET /media/partners/baseavatar.jpg HTTP/1.1" 200 13823
INFO 2025-10-05 21:25:19,834 basehttp "GET /media/partners/baseavatar_64wQ8mi.jpg HTTP/1.1" 200 13823
INFO 2025-10-05 21:25:19,840 basehttp "GET /media/partners/baseavatar_xg5AIgP.jpg HTTP/1.1" 200 13823
INFO 2025-10-05 21:25:19,843 basehttp "GET /static/css/base.css HTTP/1.1" 200 3626
INFO 2025-10-05 21:25:19,879 basehttp "GET /static/images/fish1.png HTTP/1.1" 200 2205819
INFO 2025-10-05 21:25:19,983 basehttp "GET /static/images/fish2.png HTTP/1.1" 200 1352197
INFO 2025-10-05 21:25:20,169 basehttp "GET /static/css/footer.css HTTP/1.1" 200 701
INFO 2025-10-05 21:25:20,204 basehttp "GET /static/css/main/index.css HTTP/1.1" 200 3096
INFO 2025-10-06 15:19:22,009 autoreload Watching for file changes with StatReloader
INFO 2025-10-06 15:19:24,111 basehttp "GET / HTTP/1.1" 200 10764
INFO 2025-10-06 15:19:24,539 basehttp "GET /static/css/main/index.css HTTP/1.1" 200 3096
INFO 2025-10-06 15:19:24,576 basehttp "GET /static/css/base.css HTTP/1.1" 200 3626
INFO 2025-10-06 15:19:24,584 basehttp "GET /static/css/footer.css HTTP/1.1" 200 701
INFO 2025-10-06 15:19:24,595 basehttp "GET /static/js/script.js HTTP/1.1" 200 4461
INFO 2025-10-06 15:19:24,597 basehttp "GET /static/js/jquery/jquery-3.7.1.min.js HTTP/1.1" 200 87535
INFO 2025-10-06 15:19:24,601 basehttp "GET /static/css/notifications.css HTTP/1.1" 200 746
INFO 2025-10-06 15:19:24,602 basehttp "GET /static/icons/animal.ico HTTP/1.1" 200 34453
INFO 2025-10-06 15:19:24,604 basehttp "GET /static/images/banner1.jpg HTTP/1.1" 200 42882
INFO 2025-10-06 15:19:24,609 basehttp "GET /static/images/banner2.jpg HTTP/1.1" 200 15668
INFO 2025-10-06 15:19:24,611 basehttp "GET /static/images/banner3.jpg HTTP/1.1" 200 8842
INFO 2025-10-06 15:19:24,615 basehttp "GET /media/partners/baseavatar.jpg HTTP/1.1" 200 13823
INFO 2025-10-06 15:19:24,619 basehttp "GET /media/partners/baseavatar_64wQ8mi.jpg HTTP/1.1" 200 13823
INFO 2025-10-06 15:19:24,620 basehttp "GET /media/partners/baseavatar_xg5AIgP.jpg HTTP/1.1" 200 13823
INFO 2025-10-06 15:19:24,623 basehttp "GET /static/images/fish2.png HTTP/1.1" 200 1352197
INFO 2025-10-06 15:19:24,632 basehttp "GET /static/images/seaweed.png HTTP/1.1" 200 1584444
INFO 2025-10-06 15:19:24,634 basehttp "GET /static/images/fish1.png HTTP/1.1" 200 2205819
INFO 2025-10-06 15:19:26,199 basehttp "GET /static/images/banner2-small.jpg HTTP/1.1" 200 10090
INFO 2025-10-06 15:19:26,199 basehttp "GET /static/images/banner3-small.jpg HTTP/1.1" 200 6770
INFO 2025-10-06 15:19:26,200 basehttp "GET /static/images/banner1-small.jpg HTTP/1.1" 200 19914
INFO 2025-10-06 15:25:54,600 autoreload C:\Labs\353504_Antonava_01\STRWEB\LR2\ZooShopApp\main\views.py changed, reloading.
INFO 2025-10-06 15:25:55,853 autoreload Watching for file changes with StatReloader
INFO 2025-10-06 15:39:22,712 autoreload Watching for file changes with StatReloader
INFO 2025-10-06 15:39:23,902 basehttp "GET / HTTP/1.1" 200 10906
INFO 2025-10-06 15:40:35,585 autoreload Watching for file changes with StatReloader
INFO 2025-10-06 15:40:36,236 basehttp "GET / HTTP/1.1" 200 10906
INFO 2025-10-06 15:40:40,354 basehttp "GET / HTTP/1.1" 200 10906
INFO 2025-10-06 15:40:44,587 basehttp "GET / HTTP/1.1" 200 10906
INFO 2025-10-06 15:40:57,557 autoreload Watching for file changes with StatReloader
INFO 2025-10-06 15:40:58,277 basehttp "GET / HTTP/1.1" 200 10906
INFO 2025-10-06 15:41:33,142 autoreload Watching for file changes with StatReloader
INFO 2025-10-06 15:41:34,499 basehttp "GET / HTTP/1.1" 200 10906
INFO 2025-10-06 15:41:37,998 basehttp "GET / HTTP/1.1" 200 10906
INFO 2025-10-06 15:41:47,303 autoreload Watching for file changes with StatReloader
INFO 2025-10-06 15:41:47,879 basehttp "GET / HTTP/1.1" 200 10906
INFO 2025-10-06 15:44:51,352 autoreload Watching for file changes with StatReloader
INFO 2025-10-06 15:44:52,261 basehttp "GET / HTTP/1.1" 200 11332
INFO 2025-10-06 15:44:56,195 basehttp "GET / HTTP/1.1" 200 11332
INFO 2025-10-06 15:45:22,215 basehttp "GET / HTTP/1.1" 200 11332
INFO 2025-10-06 15:47:54,329 autoreload Watching for file changes with StatReloader
INFO 2025-10-06 15:47:57,472 basehttp "GET / HTTP/1.1" 200 11332
INFO 2025-10-06 15:47:59,735 basehttp "GET / HTTP/1.1" 200 11332
INFO 2025-10-06 15:48:06,632 basehttp "GET / HTTP/1.1" 200 11332
INFO 2025-10-06 15:48:18,436 autoreload Watching for file changes with StatReloader
INFO 2025-10-06 15:49:38,986 autoreload Watching for file changes with StatReloader
INFO 2025-10-06 15:49:39,554 basehttp "GET / HTTP/1.1" 200 11332
INFO 2025-10-06 15:49:42,464 basehttp "GET / HTTP/1.1" 200 11332
WARNING 2025-10-06 15:50:36,822 log Not Found: /.well-known/appspecific/com.chrome.devtools.json
WARNING 2025-10-06 15:50:36,823 basehttp "GET /.well-known/appspecific/com.chrome.devtools.json HTTP/1.1" 404 5872
INFO 2025-10-06 15:50:55,558 basehttp "GET / HTTP/1.1" 200 11332
WARNING 2025-10-06 15:50:55,591 log Not Found: /.well-known/appspecific/com.chrome.devtools.json
WARNING 2025-10-06 15:50:55,592 basehttp "GET /.well-known/appspecific/com.chrome.devtools.json HTTP/1.1" 404 5872
INFO 2025-10-06 15:51:31,481 autoreload Watching for file changes with StatReloader
INFO 2025-10-06 15:51:33,046 basehttp "GET / HTTP/1.1" 200 11360
WARNING 2025-10-06 15:51:39,951 log Not Found: /.well-known/appspecific/com.chrome.devtools.json
WARNING 2025-10-06 15:51:39,951 basehttp "GET /.well-known/appspecific/com.chrome.devtools.json HTTP/1.1" 404 5872
INFO 2025-10-06 15:54:29,344 autoreload Watching for file changes with StatReloader
INFO 2025-10-06 15:54:37,910 basehttp "GET / HTTP/1.1" 200 11354
INFO 2025-10-06 15:54:41,056 basehttp "GET / HTTP/1.1" 200 11354
WARNING 2025-10-06 15:54:44,511 log Not Found: /.well-known/appspecific/com.chrome.devtools.json
WARNING 2025-10-06 15:54:44,512 basehttp "GET /.well-known/appspecific/com.chrome.devtools.json HTTP/1.1" 404 5872
INFO 2025-10-06 15:55:56,639 autoreload Watching for file changes with StatReloader
INFO 2025-10-06 15:56:02,065 basehttp "GET / HTTP/1.1" 200 11360
WARNING 2025-10-06 15:56:02,100 log Not Found: /.well-known/appspecific/com.chrome.devtools.json
WARNING 2025-10-06 15:56:02,102 basehttp "GET /.well-known/appspecific/com.chrome.devtools.json HTTP/1.1" 404 5872
INFO 2025-10-06 15:57:00,847 autoreload Watching for file changes with StatReloader
INFO 2025-10-06 15:57:02,831 basehttp "GET / HTTP/1.1" 200 11360
WARNING 2025-10-06 15:57:08,419 log Not Found: /.well-known/appspecific/com.chrome.devtools.json
WARNING 2025-10-06 15:57:08,419 basehttp "GET /.well-known/appspecific/com.chrome.devtools.json HTTP/1.1" 404 5872
INFO 2025-10-06 16:00:48,706 autoreload Watching for file changes with StatReloader
INFO 2025-10-06 16:00:49,390 basehttp "GET / HTTP/1.1" 200 11360
WARNING 2025-10-06 16:00:49,444 log Not Found: /.well-known/appspecific/com.chrome.devtools.json
WARNING 2025-10-06 16:00:49,445 basehttp "GET /.well-known/appspecific/com.chrome.devtools.json HTTP/1.1" 404 5872
INFO 2025-10-06 16:10:13,085 autoreload Watching for file changes with StatReloader
INFO 2025-10-06 16:10:16,073 basehttp "GET / HTTP/1.1" 200 11433
INFO 2025-10-06 16:10:18,179 basehttp "GET / HTTP/1.1" 200 11433
INFO 2025-10-06 16:14:07,091 autoreload Watching for file changes with StatReloader
INFO 2025-10-06 16:14:13,023 basehttp "GET / HTTP/1.1" 200 11341
INFO 2025-10-06 16:15:42,891 autoreload Watching for file changes with StatReloader
INFO 2025-10-06 16:15:43,663 basehttp "GET / HTTP/1.1" 200 11341
INFO 2025-10-06 16:15:45,317 basehttp "GET / HTTP/1.1" 200 11341
INFO 2025-10-06 16:15:45,728 basehttp "GET / HTTP/1.1" 200 11341
INFO 2025-10-06 16:15:46,001 basehttp "GET / HTTP/1.1" 200 11341
INFO 2025-10-06 16:16:23,588 autoreload Watching for file changes with StatReloader
INFO 2025-10-06 16:16:24,229 basehttp "GET / HTTP/1.1" 200 11343
INFO 2025-10-06 16:16:35,602 autoreload Watching for file changes with StatReloader
INFO 2025-10-06 16:16:36,222 basehttp "GET / HTTP/1.1" 200 11341
INFO 2025-10-06 16:17:31,258 autoreload Watching for file changes with StatReloader
INFO 2025-10-06 16:17:34,792 basehttp "GET / HTTP/1.1" 200 11341
INFO 2025-10-06 16:17:35,603 basehttp "GET / HTTP/1.1" 200 11341
INFO 2025-10-06 16:17:35,775 basehttp "GET / HTTP/1.1" 200 11341
INFO 2025-10-06 16:19:35,126 autoreload Watching for file changes with StatReloader
INFO 2025-10-06 16:19:35,683 basehttp "GET / HTTP/1.1" 200 11339
INFO 2025-10-06 16:19:38,230 basehttp "GET / HTTP/1.1" 200 11339
INFO 2025-10-06 16:19:40,019 basehttp "GET / HTTP/1.1" 200 11339
INFO 2025-10-06 16:20:13,543 autoreload Watching for file changes with StatReloader
INFO 2025-10-06 16:20:14,222 basehttp "GET / HTTP/1.1" 200 11408
INFO 2025-10-06 16:20:38,700 autoreload Watching for file changes with StatReloader
INFO 2025-10-06 16:20:39,241 basehttp "GET / HTTP/1.1" 200 11408
INFO 2025-10-06 16:20:40,543 basehttp "GET / HTTP/1.1" 200 11408
INFO 2025-10-06 16:20:40,758 basehttp "GET / HTTP/1.1" 200 11408
INFO 2025-10-06 16:20:40,939 basehttp "GET / HTTP/1.1" 200 11408
INFO 2025-10-06 16:20:41,238 basehttp "GET / HTTP/1.1" 200 11408
INFO 2025-10-06 16:20:41,520 basehttp "GET / HTTP/1.1" 200 11408
INFO 2025-10-06 16:22:02,160 autoreload Watching for file changes with StatReloader
INFO 2025-10-06 16:22:02,697 basehttp "GET / HTTP/1.1" 200 11408
INFO 2025-10-06 16:22:05,252 basehttp "GET / HTTP/1.1" 200 11408
INFO 2025-10-06 16:22:05,459 basehttp "GET / HTTP/1.1" 200 11408
INFO 2025-10-06 16:22:05,632 basehttp "GET / HTTP/1.1" 200 11408
INFO 2025-10-06 16:22:05,940 basehttp "GET / HTTP/1.1" 200 11408
INFO 2025-10-06 16:22:19,815 autoreload Watching for file changes with StatReloader
INFO 2025-10-06 16:22:20,489 basehttp "GET / HTTP/1.1" 200 11408
INFO 2025-10-06 16:22:21,040 basehttp "GET / HTTP/1.1" 200 11408
INFO 2025-10-06 16:22:21,236 basehttp "GET / HTTP/1.1" 200 11408
INFO 2025-10-06 16:22:21,462 basehttp "GET / HTTP/1.1" 200 11408
INFO 2025-10-06 16:22:21,638 basehttp "GET / HTTP/1.1" 200 11408
INFO 2025-10-06 16:22:21,848 basehttp "GET / HTTP/1.1" 200 11408
INFO 2025-10-06 16:22:38,731 basehttp "GET / HTTP/1.1" 200 10619
INFO 2025-10-06 16:22:39,429 basehttp "GET /static/css/main/index.css HTTP/1.1" 200 3222
INFO 2025-10-06 16:22:39,461 basehttp "GET /static/css/base.css HTTP/1.1" 200 3941
INFO 2025-10-06 16:22:39,476 basehttp "GET /static/css/footer.css HTTP/1.1" 200 701
INFO 2025-10-06 16:22:39,484 basehttp "GET /static/js/script.js HTTP/1.1" 200 4461
INFO 2025-10-06 16:22:39,487 basehttp "GET /static/js/jquery/jquery-3.7.1.min.js HTTP/1.1" 200 87535
INFO 2025-10-06 16:22:39,488 basehttp "GET /static/css/notifications.css HTTP/1.1" 200 746
INFO 2025-10-06 16:22:39,492 basehttp "GET /static/icons/animal.ico HTTP/1.1" 200 34453
INFO 2025-10-06 16:22:39,494 basehttp "GET /static/images/banner1.jpg HTTP/1.1" 200 42882
INFO 2025-10-06 16:22:39,499 basehttp "GET /static/images/fish2.png HTTP/1.1" 200 1352197
INFO 2025-10-06 16:22:39,501 basehttp "GET /static/images/banner2.jpg HTTP/1.1" 200 15668
INFO 2025-10-06 16:22:39,506 basehttp "GET /static/images/banner3.jpg HTTP/1.1" 200 8842
INFO 2025-10-06 16:22:39,510 basehttp "GET /media/partners/baseavatar.jpg HTTP/1.1" 200 13823
INFO 2025-10-06 16:22:39,515 basehttp "GET /media/partners/baseavatar_64wQ8mi.jpg HTTP/1.1" 200 13823
INFO 2025-10-06 16:22:39,516 basehttp "GET /media/partners/baseavatar_xg5AIgP.jpg HTTP/1.1" 200 13823
INFO 2025-10-06 16:22:39,524 basehttp "GET /static/images/fish1.png HTTP/1.1" 200 2205819
INFO 2025-10-06 16:22:39,527 basehttp "GET /static/images/seaweed.png HTTP/1.1" 200 1584444
INFO 2025-10-06 16:23:00,134 autoreload Watching for file changes with StatReloader
INFO 2025-10-06 16:23:00,632 basehttp "GET / HTTP/1.1" 200 10550
INFO 2025-10-06 16:23:00,770 basehttp "GET /static/css/main/index.css HTTP/1.1" 200 3923
INFO 2025-10-06 16:25:44,376 autoreload Watching for file changes with StatReloader
INFO 2025-10-06 16:25:45,806 basehttp "GET / HTTP/1.1" 200 10550
INFO 2025-10-06 16:25:45,877 basehttp "GET /static/css/base.css HTTP/1.1" 304 0
INFO 2025-10-06 16:25:45,998 basehttp "GET /static/css/main/index.css HTTP/1.1" 200 4178
INFO 2025-10-06 16:27:01,372 autoreload Watching for file changes with StatReloader
INFO 2025-10-06 16:27:03,015 basehttp "GET / HTTP/1.1" 200 10550
INFO 2025-10-06 16:27:03,135 basehttp "GET /static/css/main/index.css HTTP/1.1" 200 4293
INFO 2025-10-06 16:37:21,079 autoreload Watching for file changes with StatReloader
INFO 2025-10-06 16:37:23,011 basehttp "GET / HTTP/1.1" 200 10550
INFO 2025-10-06 16:37:23,023 basehttp "GET /static/css/base.css HTTP/1.1" 304 0
INFO 2025-10-06 16:37:23,155 basehttp "GET /static/css/main/index.css HTTP/1.1" 200 4568
INFO 2025-10-06 16:39:30,175 autoreload Watching for file changes with StatReloader
INFO 2025-10-06 16:39:31,643 basehttp "GET / HTTP/1.1" 200 10550
INFO 2025-10-06 16:39:31,773 basehttp "GET /static/css/main/index.css HTTP/1.1" 200 4708
INFO 2025-10-06 16:43:42,685 autoreload Watching for file changes with StatReloader
INFO 2025-10-06 16:43:44,035 basehttp "GET / HTTP/1.1" 200 10550
INFO 2025-10-06 16:43:44,044 basehttp "GET /static/css/base.css HTTP/1.1" 304 0
INFO 2025-10-06 16:43:44,164 basehttp "GET /static/css/main/index.css HTTP/1.1" 200 4742
INFO 2025-10-06 16:46:09,018 autoreload Watching for file changes with StatReloader
INFO 2025-10-06 16:46:09,580 basehttp "GET / HTTP/1.1" 200 10550
INFO 2025-10-06 16:46:09,739 basehttp "GET /static/css/main/index.css HTTP/1.1" 200 5113
INFO 2025-10-06 17:03:54,910 autoreload Watching for file changes with StatReloader
INFO 2025-10-06 17:03:57,100 basehttp "GET / HTTP/1.1" 200 11206
INFO 2025-10-06 17:03:57,111 basehttp "GET /static/css/base.css HTTP/1.1" 304 0
INFO 2025-10-06 17:03:57,251 basehttp "GET /static/css/main/index.css HTTP/1.1" 200 5550
INFO 2025-10-06 17:05:59,744 basehttp "GET / HTTP/1.1" 200 11204
INFO 2025-10-06 17:05:59,756 basehttp "GET /static/css/main/index.css HTTP/1.1" 304 0
INFO 2025-10-06 17:08:40,398 autoreload Watching for file changes with StatReloader
INFO 2025-10-06 17:08:41,199 basehttp "GET / HTTP/1.1" 200 11204
INFO 2025-10-06 17:08:41,208 basehttp "GET /static/css/main/index.css HTTP/1.1" 304 0
INFO 2025-10-06 17:09:29,430 autoreload Watching for file changes with StatReloader
INFO 2025-10-06 17:09:30,225 basehttp "GET / HTTP/1.1" 200 11993
INFO 2025-10-06 17:09:41,738 basehttp "GET / HTTP/1.1" 200 11204
INFO 2025-10-06 17:09:41,749 basehttp "GET /static/css/main/index.css HTTP/1.1" 304 0
INFO 2025-10-06 17:09:41,931 basehttp "GET /static/css/base.css HTTP/1.1" 200 4125
INFO 2025-10-06 17:18:24,144 autoreload Watching for file changes with StatReloader
INFO 2025-10-06 17:18:29,058 basehttp "GET / HTTP/1.1" 200 11168
INFO 2025-10-06 17:18:29,068 basehttp "GET /static/css/main/index.css HTTP/1.1" 304 0
INFO 2025-10-06 17:18:29,210 basehttp "GET /static/css/base.css HTTP/1.1" 200 4216
INFO 2025-10-06 17:24:54,718 autoreload Watching for file changes with StatReloader
INFO 2025-10-06 17:24:55,975 basehttp "GET / HTTP/1.1" 200 11168
INFO 2025-10-06 17:24:55,985 basehttp "GET /static/css/main/index.css HTTP/1.1" 304 0
INFO 2025-10-06 17:24:56,117 basehttp "GET /static/css/base.css HTTP/1.1" 200 4075
INFO 2025-10-06 17:25:17,018 autoreload Watching for file changes with StatReloader
INFO 2025-10-06 17:25:20,027 basehttp "GET / HTTP/1.1" 200 11168
INFO 2025-10-06 17:25:20,142 basehttp "GET /static/css/base.css HTTP/1.1" 200 4101
INFO 2025-10-06 17:25:21,122 basehttp "GET / HTTP/1.1" 200 11168
INFO 2025-10-06 17:25:21,131 basehttp "GET /static/css/base.css HTTP/1.1" 304 0
INFO 2025-10-06 17:26:12,160 autoreload Watching for file changes with StatReloader
INFO 2025-10-06 17:26:12,842 basehttp "GET / HTTP/1.1" 200 11168
INFO 2025-10-06 17:26:12,977 basehttp "GET /static/css/base.css HTTP/1.1" 200 4165
INFO 2025-10-06 17:26:14,486 basehttp "GET / HTTP/1.1" 200 11168
INFO 2025-10-06 17:26:14,494 basehttp "GET /static/css/base.css HTTP/1.1" 304 0
INFO 2025-10-06 17:26:39,101 autoreload Watching for file changes with StatReloader
INFO 2025-10-06 17:26:39,754 basehttp "GET / HTTP/1.1" 200 11168
INFO 2025-10-06 17:26:39,887 basehttp "GET /static/css/base.css HTTP/1.1" 200 4080
INFO 2025-10-06 17:26:40,980 basehttp "GET / HTTP/1.1" 200 11168
INFO 2025-10-06 17:26:40,989 basehttp "GET /static/css/base.css HTTP/1.1" 304 0
INFO 2025-10-06 17:27:55,557 autoreload Watching for file changes with StatReloader
INFO 2025-10-06 17:27:56,136 basehttp "GET / HTTP/1.1" 200 11168
INFO 2025-10-06 17:27:56,149 basehttp "GET /static/css/main/index.css HTTP/1.1" 304 0
INFO 2025-10-06 17:27:56,273 basehttp "GET /static/css/base.css HTTP/1.1" 200 4209
INFO 2025-10-06 17:28:43,743 autoreload Watching for file changes with StatReloader
INFO 2025-10-06 17:28:44,272 basehttp "GET / HTTP/1.1" 200 11168
INFO 2025-10-06 17:28:44,402 basehttp "GET /static/css/base.css HTTP/1.1" 200 4125
INFO 2025-10-06 17:28:59,118 autoreload Watching for file changes with StatReloader
INFO 2025-10-06 17:28:59,700 basehttp "GET / HTTP/1.1" 200 11168
INFO 2025-10-06 17:28:59,844 basehttp "GET /static/css/base.css HTTP/1.1" 200 4454
INFO 2025-10-06 17:29:38,033 autoreload Watching for file changes with StatReloader
INFO 2025-10-06 17:29:38,760 basehttp "GET / HTTP/1.1" 200 11140
INFO 2025-10-06 17:29:38,879 basehttp "GET /static/css/base.css HTTP/1.1" 200 4125
INFO 2025-10-06 17:29:49,376 autoreload Watching for file changes with StatReloader
INFO 2025-10-06 17:29:49,968 basehttp "GET / HTTP/1.1" 200 11143
INFO 2025-10-06 17:29:49,980 basehttp "GET /static/css/base.css HTTP/1.1" 304 0
INFO 2025-10-06 17:33:39,427 autoreload Watching for file changes with StatReloader
INFO 2025-10-06 17:33:40,851 basehttp "GET / HTTP/1.1" 200 11143
INFO 2025-10-06 17:33:40,861 basehttp "GET /static/css/main/index.css HTTP/1.1" 304 0
INFO 2025-10-06 17:33:40,972 basehttp "GET /static/css/base.css HTTP/1.1" 200 4347
INFO 2025-10-06 17:33:54,937 basehttp "GET /user/login/ HTTP/1.1" 200 4878
INFO 2025-10-06 17:33:54,946 basehttp "GET /static/css/base.css HTTP/1.1" 304 0
INFO 2025-10-06 17:33:54,948 basehttp "GET /static/css/users/login.css HTTP/1.1" 200 1273
INFO 2025-10-06 17:34:13,505 basehttp "GET / HTTP/1.1" 200 11143
INFO 2025-10-06 17:34:13,515 basehttp "GET /static/css/base.css HTTP/1.1" 304 0
INFO 2025-10-06 17:34:40,019 basehttp "GET /news/ HTTP/1.1" 200 18411
INFO 2025-10-06 17:34:40,029 basehttp "GET /static/css/base.css HTTP/1.1" 304 0
INFO 2025-10-06 17:34:40,035 basehttp "GET /static/css/main/news.css HTTP/1.1" 200 854
INFO 2025-10-06 17:38:04,942 autoreload Watching for file changes with StatReloader
INFO 2025-10-06 17:38:13,296 basehttp "GET / HTTP/1.1" 200 11180
INFO 2025-10-06 17:38:13,307 basehttp "GET /static/css/main/index.css HTTP/1.1" 304 0
INFO 2025-10-06 17:38:13,308 basehttp "GET /static/css/base.css HTTP/1.1" 304 0
INFO 2025-10-06 17:38:13,894 basehttp - Broken pipe from ('127.0.0.1', 62955)
INFO 2025-10-06 17:38:14,809 basehttp "GET /about/ HTTP/1.1" 200 9159
INFO 2025-10-06 17:38:15,205 basehttp "GET /media/logos/baseavatar.jpg HTTP/1.1" 200 13823
INFO 2025-10-06 17:38:15,309 basehttp "GET /static/css/main/about.css HTTP/1.1" 200 1266
INFO 2025-10-06 17:38:15,355 basehttp - Broken pipe from ('127.0.0.1', 62962)
INFO 2025-10-06 17:38:15,577 basehttp "GET /static/media/company_intro.mp4 HTTP/1.1" 200 22498702
INFO 2025-10-06 17:38:23,918 basehttp "GET /contact/ HTTP/1.1" 200 7782
INFO 2025-10-06 17:38:23,932 basehttp "GET /static/css/main/contact.css HTTP/1.1" 200 1284
INFO 2025-10-06 17:38:23,934 basehttp "GET /static/images/baseavatar.jpg HTTP/1.1" 200 13823
INFO 2025-10-06 17:38:23,944 basehttp "GET /media/users/506e8fe625c1f8707cec23d6b130dc08_sqZJoDz.jpeg HTTP/1.1" 200 846399
INFO 2025-10-06 17:38:23,950 basehttp "GET /media/users/9a14b8b2c9494052fab98e31e76bb929.jpg HTTP/1.1" 200 1340200
INFO 2025-10-06 17:38:25,959 basehttp "GET /about/ HTTP/1.1" 200 9159
INFO 2025-10-06 17:38:26,019 basehttp - Broken pipe from ('127.0.0.1', 62995)
INFO 2025-10-06 17:38:26,187 basehttp "GET /static/media/company_intro.mp4 HTTP/1.1" 200 22498702
INFO 2025-10-06 17:38:26,538 basehttp - Broken pipe from ('127.0.0.1', 62963)
INFO 2025-10-06 17:38:28,723 basehttp "GET / HTTP/1.1" 200 11180
INFO 2025-10-06 17:38:32,598 basehttp "GET /news/ HTTP/1.1" 200 18803
INFO 2025-10-06 17:38:33,262 basehttp "GET /faq/ HTTP/1.1" 200 8609
INFO 2025-10-06 17:38:33,271 basehttp "GET /static/css/main/faq.css HTTP/1.1" 200 912
INFO 2025-10-06 17:38:39,054 basehttp "GET /user/login/ HTTP/1.1" 200 4915
INFO 2025-10-06 17:38:40,516 basehttp "GET /reviews/ HTTP/1.1" 200 8378
INFO 2025-10-06 17:38:40,523 basehttp "GET /static/css/reviews/review_list.css HTTP/1.1" 200 867
INFO 2025-10-06 17:38:41,605 basehttp "GET /faq/ HTTP/1.1" 200 8609
INFO 2025-10-06 17:38:41,613 basehttp "GET /static/css/base.css HTTP/1.1" 304 0
INFO 2025-10-06 17:38:41,675 basehttp - Broken pipe from ('127.0.0.1', 62961)
INFO 2025-10-06 17:38:50,565 basehttp "GET /contact/ HTTP/1.1" 200 7782
INFO 2025-10-06 17:38:52,227 basehttp "GET /jobs/ HTTP/1.1" 200 9084
INFO 2025-10-06 17:38:52,235 basehttp "GET /static/css/jobs/job_list.css HTTP/1.1" 200 697
INFO 2025-10-06 17:38:54,062 basehttp "GET /analytics/ HTTP/1.1" 200 7542
INFO 2025-10-06 17:38:54,078 basehttp "GET /media/charts/all.png HTTP/1.1" 200 33023
INFO 2025-10-06 17:38:54,083 basehttp "GET /static/css/analytics/statistics.css HTTP/1.1" 200 2110
INFO 2025-10-06 17:38:54,087 basehttp "GET /media/charts/aksessuary.png HTTP/1.1" 200 22613
INFO 2025-10-06 17:38:54,087 basehttp "GET /media/charts/igrushki.png HTTP/1.1" 200 26189
INFO 2025-10-06 17:38:54,089 basehttp "GET /media/charts/korm.png HTTP/1.1" 200 29446
INFO 2025-10-06 17:38:58,875 basehttp "GET /promotional/ HTTP/1.1" 200 7085
INFO 2025-10-06 17:38:58,884 basehttp "GET /static/css/main/promotional.css HTTP/1.1" 200 1074
INFO 2025-10-06 17:39:04,026 basehttp "GET /privacy_policy/ HTTP/1.1" 200 4583
INFO 2025-10-06 17:39:04,045 basehttp "GET /static/css/main/privacy_policy.css HTTP/1.1" 200 860
INFO 2025-10-06 17:39:12,807 basehttp "GET / HTTP/1.1" 200 11180
INFO 2025-10-06 17:39:12,818 basehttp "GET /static/css/base.css HTTP/1.1" 304 0
INFO 2025-10-06 17:40:02,699 autoreload Watching for file changes with StatReloader
INFO 2025-10-06 17:40:04,845 basehttp "GET / HTTP/1.1" 200 11180
INFO 2025-10-06 17:40:04,997 basehttp "GET /static/css/base.css HTTP/1.1" 200 4381
INFO 2025-10-06 17:40:07,226 basehttp "GET / HTTP/1.1" 200 11180
INFO 2025-10-06 17:40:07,236 basehttp "GET /static/css/base.css HTTP/1.1" 304 0
INFO 2025-10-06 17:40:07,717 basehttp "GET / HTTP/1.1" 200 11180
INFO 2025-10-06 17:40:07,725 basehttp "GET /static/css/base.css HTTP/1.1" 304 0
INFO 2025-10-06 17:40:32,669 autoreload Watching for file changes with StatReloader
INFO 2025-10-06 17:40:35,372 basehttp "GET / HTTP/1.1" 200 11180
INFO 2025-10-06 17:40:35,486 basehttp "GET /static/css/base.css HTTP/1.1" 200 4311
INFO 2025-10-06 17:40:56,891 basehttp "GET / HTTP/1.1" 200 11180
INFO 2025-10-06 17:40:56,902 basehttp "GET /static/css/base.css HTTP/1.1" 304 0
INFO 2025-10-06 17:41:35,022 autoreload Watching for file changes with StatReloader
INFO 2025-10-06 17:41:35,587 basehttp "GET / HTTP/1.1" 200 11180
INFO 2025-10-06 17:41:35,770 basehttp "GET /static/css/base.css HTTP/1.1" 200 4311
INFO 2025-10-06 17:47:32,210 autoreload Watching for file changes with StatReloader
INFO 2025-10-06 17:47:33,053 basehttp "GET / HTTP/1.1" 200 11180
INFO 2025-10-06 17:47:33,064 basehttp "GET /static/css/main/index.css HTTP/1.1" 304 0
INFO 2025-10-06 17:47:33,180 basehttp "GET /static/css/base.css HTTP/1.1" 200 4311
INFO 2025-10-06 17:47:44,125 basehttp "GET /news/ HTTP/1.1" 200 18579
INFO 2025-10-06 17:48:44,223 autoreload Watching for file changes with StatReloader
INFO 2025-10-06 17:48:53,641 basehttp "GET /news/ HTTP/1.1" 200 18167
INFO 2025-10-06 17:48:53,853 basehttp "GET /static/css/base.css HTTP/1.1" 200 4258
INFO 2025-10-06 17:49:27,084 autoreload Watching for file changes with StatReloader
INFO 2025-10-06 17:49:37,556 basehttp "GET /news/ HTTP/1.1" 200 18990
INFO 2025-10-06 17:49:37,574 basehttp "GET /static/css/base.css HTTP/1.1" 304 0
INFO 2025-10-06 17:49:56,542 autoreload Watching for file changes with StatReloader
INFO 2025-10-06 17:50:08,297 basehttp "GET /news/ HTTP/1.1" 200 18598
INFO 2025-10-06 17:50:08,441 basehttp "GET /static/css/base.css HTTP/1.1" 200 4262
INFO 2025-10-06 17:51:17,988 autoreload Watching for file changes with StatReloader
INFO 2025-10-06 17:51:28,758 basehttp "GET /news/ HTTP/1.1" 200 18665
INFO 2025-10-06 17:51:28,774 basehttp "GET /static/css/base.css HTTP/1.1" 304 0
INFO 2025-10-06 17:52:27,054 autoreload Watching for file changes with StatReloader
INFO 2025-10-06 17:52:43,519 basehttp "GET /news/ HTTP/1.1" 200 18494
INFO 2025-10-06 17:52:43,529 basehttp "GET /static/css/base.css HTTP/1.1" 304 0
INFO 2025-10-06 17:52:44,133 basehttp "GET / HTTP/1.1" 200 11952
INFO 2025-10-06 17:53:02,356 basehttp "GET /news/ HTTP/1.1" 200 19233
INFO 2025-10-06 17:53:02,471 basehttp "GET /static/css/main/news.css HTTP/1.1" 200 1589
INFO 2025-10-06 17:53:29,621 basehttp "GET /news/ HTTP/1.1" 200 18540
INFO 2025-10-06 17:53:29,632 basehttp "GET /static/css/base.css HTTP/1.1" 304 0
INFO 2025-10-06 17:53:56,165 basehttp "GET / HTTP/1.1" 200 11180
INFO 2025-10-06 17:53:56,175 basehttp "GET /static/css/base.css HTTP/1.1" 304 0
INFO 2025-10-06 17:53:56,175 basehttp "GET /static/css/main/index.css HTTP/1.1" 304 0
INFO 2025-10-06 17:54:19,265 autoreload Watching for file changes with StatReloader
INFO 2025-10-06 17:54:24,916 basehttp "GET / HTTP/1.1" 200 11180
INFO 2025-10-06 17:54:25,042 basehttp "GET /static/css/base.css HTTP/1.1" 200 4262
INFO 2025-10-06 17:54:26,571 basehttp "GET / HTTP/1.1" 200 11180
INFO 2025-10-06 17:54:26,581 basehttp "GET /static/css/base.css HTTP/1.1" 304 0
INFO 2025-10-06 17:54:30,244 basehttp "GET /news/ HTTP/1.1" 200 19448
INFO 2025-10-06 17:54:30,258 basehttp "GET /static/css/main/news.css HTTP/1.1" 304 0
INFO 2025-10-06 17:54:58,678 basehttp "GET /news/ HTTP/1.1" 200 18059
INFO 2025-10-06 17:54:58,687 basehttp "GET /static/css/base.css HTTP/1.1" 304 0
INFO 2025-10-06 17:58:44,056 autoreload Watching for file changes with StatReloader
INFO 2025-10-06 17:59:13,086 basehttp "GET /news/ HTTP/1.1" 200 17793
INFO 2025-10-06 17:59:13,101 basehttp "GET /static/css/base.css HTTP/1.1" 304 0
INFO 2025-10-06 17:59:48,272 basehttp "GET /news/ HTTP/1.1" 200 18553
INFO 2025-10-06 17:59:48,284 basehttp "GET /static/css/base.css HTTP/1.1" 304 0
INFO 2025-10-06 18:00:03,833 basehttp "GET /news/ HTTP/1.1" 200 18844
INFO 2025-10-06 18:00:03,968 basehttp "GET /static/css/main/news.css HTTP/1.1" 200 1634
INFO 2025-10-06 18:02:05,972 basehttp "GET /news/ HTTP/1.1" 200 18535
INFO 2025-10-06 18:02:05,985 basehttp "GET /static/css/base.css HTTP/1.1" 304 0
INFO 2025-10-06 18:04:43,075 autoreload Watching for file changes with StatReloader
INFO 2025-10-06 18:04:49,959 basehttp "GET /news/ HTTP/1.1" 200 19708
INFO 2025-10-06 18:04:49,974 basehttp "GET /static/css/base.css HTTP/1.1" 304 0
INFO 2025-10-06 18:05:23,142 autoreload Watching for file changes with StatReloader
INFO 2025-10-06 18:05:29,619 basehttp "GET /news/ HTTP/1.1" 200 17992
INFO 2025-10-06 18:05:59,316 autoreload Watching for file changes with StatReloader
INFO 2025-10-06 18:06:11,534 basehttp "GET /news/ HTTP/1.1" 200 18496
INFO 2025-10-06 18:06:11,548 basehttp "GET /static/css/base.css HTTP/1.1" 304 0
INFO 2025-10-06 18:06:46,588 autoreload Watching for file changes with StatReloader
INFO 2025-10-06 18:07:05,837 basehttp "GET /news/ HTTP/1.1" 200 17642
INFO 2025-10-06 18:08:32,402 basehttp "GET /news/ HTTP/1.1" 200 18482
INFO 2025-10-06 18:08:32,662 basehttp "GET /static/css/main/news.css HTTP/1.1" 200 1702
INFO 2025-10-06 18:08:32,746 basehttp "GET /static/css/base.css HTTP/1.1" 200 4262
INFO 2025-10-06 18:08:32,750 basehttp "GET /static/css/footer.css HTTP/1.1" 200 701
INFO 2025-10-06 18:08:32,769 basehttp "GET /static/css/notifications.css HTTP/1.1" 200 746
INFO 2025-10-06 18:08:32,774 basehttp "GET /static/js/jquery/jquery-3.7.1.min.js HTTP/1.1" 200 87535
INFO 2025-10-06 18:08:32,776 basehttp "GET /static/js/script.js HTTP/1.1" 200 4461
INFO 2025-10-06 18:08:39,757 basehttp "GET / HTTP/1.1" 200 11180
INFO 2025-10-06 18:08:39,776 basehttp "GET /static/css/main/index.css HTTP/1.1" 200 5550
INFO 2025-10-06 18:08:39,785 basehttp "GET /static/icons/animal.ico HTTP/1.1" 200 34453
INFO 2025-10-06 18:08:39,785 basehttp "GET /static/images/banner1.jpg HTTP/1.1" 200 42882
INFO 2025-10-06 18:08:39,786 basehttp "GET /static/images/banner2.jpg HTTP/1.1" 200 15668
INFO 2025-10-06 18:08:39,796 basehttp "GET /static/images/banner3.jpg HTTP/1.1" 200 8842
INFO 2025-10-06 18:08:39,797 basehttp "GET /media/partners/baseavatar.jpg HTTP/1.1" 200 13823
INFO 2025-10-06 18:08:39,799 basehttp "GET /media/partners/baseavatar_64wQ8mi.jpg HTTP/1.1" 200 13823
INFO 2025-10-06 18:08:39,800 basehttp "GET /media/partners/baseavatar_xg5AIgP.jpg HTTP/1.1" 200 13823
INFO 2025-10-06 18:08:39,818 basehttp "GET /static/images/fish2.png HTTP/1.1" 200 1352197
INFO 2025-10-06 18:08:39,822 basehttp "GET /static/images/seaweed.png HTTP/1.1" 200 1584444
INFO 2025-10-06 18:08:39,830 basehttp "GET /static/images/fish1.png HTTP/1.1" 200 2205819
INFO 2025-10-06 18:08:48,189 basehttp "GET /about/ HTTP/1.1" 200 9159
INFO 2025-10-06 18:08:48,211 basehttp "GET /static/css/main/about.css HTTP/1.1" 200 1266
INFO 2025-10-06 18:08:48,217 basehttp "GET /media/logos/baseavatar.jpg HTTP/1.1" 200 13823
INFO 2025-10-06 18:08:48,292 basehttp "GET /static/media/welcome.mp3 HTTP/1.1" 200 4661731
INFO 2025-10-06 18:08:48,435 basehttp "GET /static/media/company_intro.mp4 HTTP/1.1" 200 22498702
INFO 2025-10-06 18:09:12,625 basehttp "GET /news/ HTTP/1.1" 200 18002
INFO 2025-10-06 18:09:12,644 basehttp "GET /static/css/main/news.css HTTP/1.1" 304 0
INFO 2025-10-06 18:10:23,759 basehttp "GET / HTTP/1.1" 200 11952
INFO 2025-10-06 18:10:31,604 basehttp "GET / HTTP/1.1" 200 11180
INFO 2025-10-06 18:10:31,630 basehttp "GET /static/css/base.css HTTP/1.1" 304 0
INFO 2025-10-06 18:10:55,474 basehttp "GET /news/ HTTP/1.1" 200 18662
INFO 2025-10-06 18:10:55,494 basehttp "GET /static/css/main/news.css HTTP/1.1" 304 0
INFO 2025-10-06 18:13:23,079 autoreload Watching for file changes with StatReloader
INFO 2025-10-06 18:13:33,848 basehttp "GET /news/ HTTP/1.1" 200 17305
INFO 2025-10-06 18:13:33,867 basehttp "GET /static/css/base.css HTTP/1.1" 304 0
INFO 2025-10-06 18:13:34,020 basehttp "GET /static/css/main/news.css HTTP/1.1" 200 2382
INFO 2025-10-06 18:13:51,665 basehttp "GET / HTTP/1.1" 200 11180
INFO 2025-10-06 18:23:19,779 autoreload Watching for file changes with StatReloader
INFO 2025-10-06 18:23:23,128 basehttp "GET / HTTP/1.1" 200 11180
INFO 2025-10-06 18:23:23,142 basehttp "GET /static/css/main/index.css HTTP/1.1" 304 0
INFO 2025-10-06 18:23:23,248 basehttp "GET /static/css/base.css HTTP/1.1" 200 4464
ERROR 2025-10-06 18:23:44,267 log Internal Server Error: /news/
Traceback (most recent call last):
  File "C:\Labs\353504_Antonava_01\STRWEB\LR2\ZooShopApp\.venv\Lib\site-packages\urllib3\connectionpool.py", line 464, in _make_request
    self._validate_conn(conn)
  File "C:\Labs\353504_Antonava_01\STRWEB\LR2\ZooShopApp\.venv\Lib\site-packages\urllib3\connectionpool.py", line 1093, in _validate_conn
    conn.connect()
  File "C:\Labs\353504_Antonava_01\STRWEB\LR2\ZooShopApp\.venv\Lib\site-packages\urllib3\connection.py", line 790, in connect
    sock_and_verified = _ssl_wrap_socket_and_match_hostname(
                        ^^^^^^^^^^^^^^^^^^^^^^^^^^^^^^^^^^^^
  File "C:\Labs\353504_Antonava_01\STRWEB\LR2\ZooShopApp\.venv\Lib\site-packages\urllib3\connection.py", line 969, in _ssl_wrap_socket_and_match_hostname
    ssl_sock = ssl_wrap_socket(
               ^^^^^^^^^^^^^^^^
  File "C:\Labs\353504_Antonava_01\STRWEB\LR2\ZooShopApp\.venv\Lib\site-packages\urllib3\util\ssl_.py", line 480, in ssl_wrap_socket
    ssl_sock = _ssl_wrap_socket_impl(sock, context, tls_in_tls, server_hostname)
               ^^^^^^^^^^^^^^^^^^^^^^^^^^^^^^^^^^^^^^^^^^^^^^^^^^^^^^^^^^^^^^^^^
  File "C:\Labs\353504_Antonava_01\STRWEB\LR2\ZooShopApp\.venv\Lib\site-packages\urllib3\util\ssl_.py", line 524, in _ssl_wrap_socket_impl
    return ssl_context.wrap_socket(sock, server_hostname=server_hostname)
           ^^^^^^^^^^^^^^^^^^^^^^^^^^^^^^^^^^^^^^^^^^^^^^^^^^^^^^^^^^^^^^
  File "C:\Program Files\WindowsApps\PythonSoftwareFoundation.Python.3.11_3.11.2544.0_x64__qbz5n2kfra8p0\Lib\ssl.py", line 517, in wrap_socket
    return self.sslsocket_class._create(
           ^^^^^^^^^^^^^^^^^^^^^^^^^^^^^
  File "C:\Program Files\WindowsApps\PythonSoftwareFoundation.Python.3.11_3.11.2544.0_x64__qbz5n2kfra8p0\Lib\ssl.py", line 1104, in _create
    self.do_handshake()
  File "C:\Program Files\WindowsApps\PythonSoftwareFoundation.Python.3.11_3.11.2544.0_x64__qbz5n2kfra8p0\Lib\ssl.py", line 1382, in do_handshake
    self._sslobj.do_handshake()
ssl.SSLEOFError: [SSL: UNEXPECTED_EOF_WHILE_READING] EOF occurred in violation of protocol (_ssl.c:1006)

During handling of the above exception, another exception occurred:

Traceback (most recent call last):
  File "C:\Labs\353504_Antonava_01\STRWEB\LR2\ZooShopApp\.venv\Lib\site-packages\urllib3\connectionpool.py", line 787, in urlopen
    response = self._make_request(
               ^^^^^^^^^^^^^^^^^^^
  File "C:\Labs\353504_Antonava_01\STRWEB\LR2\ZooShopApp\.venv\Lib\site-packages\urllib3\connectionpool.py", line 488, in _make_request
    raise new_e
urllib3.exceptions.SSLError: [SSL: UNEXPECTED_EOF_WHILE_READING] EOF occurred in violation of protocol (_ssl.c:1006)

The above exception was the direct cause of the following exception:

Traceback (most recent call last):
  File "C:\Labs\353504_Antonava_01\STRWEB\LR2\ZooShopApp\.venv\Lib\site-packages\requests\adapters.py", line 644, in send
    resp = conn.urlopen(
           ^^^^^^^^^^^^^
  File "C:\Labs\353504_Antonava_01\STRWEB\LR2\ZooShopApp\.venv\Lib\site-packages\urllib3\connectionpool.py", line 841, in urlopen
    retries = retries.increment(
              ^^^^^^^^^^^^^^^^^^
  File "C:\Labs\353504_Antonava_01\STRWEB\LR2\ZooShopApp\.venv\Lib\site-packages\urllib3\util\retry.py", line 519, in increment
    raise MaxRetryError(_pool, url, reason) from reason  # type: ignore[arg-type]
    ^^^^^^^^^^^^^^^^^^^^^^^^^^^^^^^^^^^^^^^^^^^^^^^^^^^
urllib3.exceptions.MaxRetryError: HTTPSConnectionPool(host='newsapi.org', port=443): Max retries exceeded with url: /v2/everything?q=dogs&apiKey=9b9791430dae4f92afdb02bbb56defdf (Caused by SSLError(SSLEOFError(8, '[SSL: UNEXPECTED_EOF_WHILE_READING] EOF occurred in violation of protocol (_ssl.c:1006)')))

During handling of the above exception, another exception occurred:

Traceback (most recent call last):
  File "C:\Labs\353504_Antonava_01\STRWEB\LR2\ZooShopApp\.venv\Lib\site-packages\django\core\handlers\exception.py", line 55, in inner
    response = get_response(request)
               ^^^^^^^^^^^^^^^^^^^^^
  File "C:\Labs\353504_Antonava_01\STRWEB\LR2\ZooShopApp\.venv\Lib\site-packages\django\core\handlers\base.py", line 197, in _get_response
    response = wrapped_callback(request, *callback_args, **callback_kwargs)
               ^^^^^^^^^^^^^^^^^^^^^^^^^^^^^^^^^^^^^^^^^^^^^^^^^^^^^^^^^^^^
  File "C:\Labs\353504_Antonava_01\STRWEB\LR2\ZooShopApp\main\views.py", line 87, in news
    response = requests.get(NEWS_URL)
               ^^^^^^^^^^^^^^^^^^^^^^
  File "C:\Labs\353504_Antonava_01\STRWEB\LR2\ZooShopApp\.venv\Lib\site-packages\requests\api.py", line 73, in get
    return request("get", url, params=params, **kwargs)
           ^^^^^^^^^^^^^^^^^^^^^^^^^^^^^^^^^^^^^^^^^^^^
  File "C:\Labs\353504_Antonava_01\STRWEB\LR2\ZooShopApp\.venv\Lib\site-packages\requests\api.py", line 59, in request
    return session.request(method=method, url=url, **kwargs)
           ^^^^^^^^^^^^^^^^^^^^^^^^^^^^^^^^^^^^^^^^^^^^^^^^^
  File "C:\Labs\353504_Antonava_01\STRWEB\LR2\ZooShopApp\.venv\Lib\site-packages\requests\sessions.py", line 589, in request
    resp = self.send(prep, **send_kwargs)
           ^^^^^^^^^^^^^^^^^^^^^^^^^^^^^^
  File "C:\Labs\353504_Antonava_01\STRWEB\LR2\ZooShopApp\.venv\Lib\site-packages\requests\sessions.py", line 703, in send
    r = adapter.send(request, **kwargs)
        ^^^^^^^^^^^^^^^^^^^^^^^^^^^^^^^
  File "C:\Labs\353504_Antonava_01\STRWEB\LR2\ZooShopApp\.venv\Lib\site-packages\requests\adapters.py", line 675, in send
    raise SSLError(e, request=request)
requests.exceptions.SSLError: HTTPSConnectionPool(host='newsapi.org', port=443): Max retries exceeded with url: /v2/everything?q=dogs&apiKey=9b9791430dae4f92afdb02bbb56defdf (Caused by SSLError(SSLEOFError(8, '[SSL: UNEXPECTED_EOF_WHILE_READING] EOF occurred in violation of protocol (_ssl.c:1006)')))
ERROR 2025-10-06 18:23:44,285 basehttp "GET /news/ HTTP/1.1" 500 186240
WARNING 2025-10-06 18:23:44,404 log Not Found: /favicon.ico
WARNING 2025-10-06 18:23:44,404 basehttp "GET /favicon.ico HTTP/1.1" 404 5761
INFO 2025-10-06 18:24:49,518 autoreload C:\Labs\353504_Antonava_01\STRWEB\LR2\ZooShopApp\.venv\Lib\site-packages\certifi\__init__.py changed, reloading.
INFO 2025-10-06 18:24:50,584 autoreload Watching for file changes with StatReloader
INFO 2025-10-06 18:25:17,575 autoreload Watching for file changes with StatReloader
INFO 2025-10-06 18:25:27,503 basehttp "GET /news/ HTTP/1.1" 200 18496
INFO 2025-10-06 18:25:27,530 basehttp "GET /static/css/base.css HTTP/1.1" 304 0
INFO 2025-10-06 18:25:27,683 basehttp "GET /static/css/main/news.css HTTP/1.1" 200 2532
INFO 2025-10-06 18:26:25,166 autoreload Watching for file changes with StatReloader
INFO 2025-10-06 18:26:40,100 basehttp "GET / HTTP/1.1" 200 11201
INFO 2025-10-06 18:26:40,121 basehttp "GET /static/css/base.css HTTP/1.1" 304 0
INFO 2025-10-06 18:26:42,468 basehttp "GET / HTTP/1.1" 200 11201
ERROR 2025-10-06 18:26:52,451 log Internal Server Error: /news/
Traceback (most recent call last):
  File "C:\Labs\353504_Antonava_01\STRWEB\LR2\ZooShopApp\.venv\Lib\site-packages\urllib3\connectionpool.py", line 787, in urlopen
    response = self._make_request(
               ^^^^^^^^^^^^^^^^^^^
  File "C:\Labs\353504_Antonava_01\STRWEB\LR2\ZooShopApp\.venv\Lib\site-packages\urllib3\connectionpool.py", line 534, in _make_request
    response = conn.getresponse()
               ^^^^^^^^^^^^^^^^^^
  File "C:\Labs\353504_Antonava_01\STRWEB\LR2\ZooShopApp\.venv\Lib\site-packages\urllib3\connection.py", line 565, in getresponse
    httplib_response = super().getresponse()
                       ^^^^^^^^^^^^^^^^^^^^^
  File "C:\Program Files\WindowsApps\PythonSoftwareFoundation.Python.3.11_3.11.2544.0_x64__qbz5n2kfra8p0\Lib\http\client.py", line 1395, in getresponse
    response.begin()
  File "C:\Program Files\WindowsApps\PythonSoftwareFoundation.Python.3.11_3.11.2544.0_x64__qbz5n2kfra8p0\Lib\http\client.py", line 325, in begin
    version, status, reason = self._read_status()
                              ^^^^^^^^^^^^^^^^^^^
  File "C:\Program Files\WindowsApps\PythonSoftwareFoundation.Python.3.11_3.11.2544.0_x64__qbz5n2kfra8p0\Lib\http\client.py", line 294, in _read_status
    raise RemoteDisconnected("Remote end closed connection without"
http.client.RemoteDisconnected: Remote end closed connection without response

During handling of the above exception, another exception occurred:

Traceback (most recent call last):
  File "C:\Labs\353504_Antonava_01\STRWEB\LR2\ZooShopApp\.venv\Lib\site-packages\requests\adapters.py", line 644, in send
    resp = conn.urlopen(
           ^^^^^^^^^^^^^
  File "C:\Labs\353504_Antonava_01\STRWEB\LR2\ZooShopApp\.venv\Lib\site-packages\urllib3\connectionpool.py", line 841, in urlopen
    retries = retries.increment(
              ^^^^^^^^^^^^^^^^^^
  File "C:\Labs\353504_Antonava_01\STRWEB\LR2\ZooShopApp\.venv\Lib\site-packages\urllib3\util\retry.py", line 474, in increment
    raise reraise(type(error), error, _stacktrace)
          ^^^^^^^^^^^^^^^^^^^^^^^^^^^^^^^^^^^^^^^^
  File "C:\Labs\353504_Antonava_01\STRWEB\LR2\ZooShopApp\.venv\Lib\site-packages\urllib3\util\util.py", line 38, in reraise
    raise value.with_traceback(tb)
  File "C:\Labs\353504_Antonava_01\STRWEB\LR2\ZooShopApp\.venv\Lib\site-packages\urllib3\connectionpool.py", line 787, in urlopen
    response = self._make_request(
               ^^^^^^^^^^^^^^^^^^^
  File "C:\Labs\353504_Antonava_01\STRWEB\LR2\ZooShopApp\.venv\Lib\site-packages\urllib3\connectionpool.py", line 534, in _make_request
    response = conn.getresponse()
               ^^^^^^^^^^^^^^^^^^
  File "C:\Labs\353504_Antonava_01\STRWEB\LR2\ZooShopApp\.venv\Lib\site-packages\urllib3\connection.py", line 565, in getresponse
    httplib_response = super().getresponse()
                       ^^^^^^^^^^^^^^^^^^^^^
  File "C:\Program Files\WindowsApps\PythonSoftwareFoundation.Python.3.11_3.11.2544.0_x64__qbz5n2kfra8p0\Lib\http\client.py", line 1395, in getresponse
    response.begin()
  File "C:\Program Files\WindowsApps\PythonSoftwareFoundation.Python.3.11_3.11.2544.0_x64__qbz5n2kfra8p0\Lib\http\client.py", line 325, in begin
    version, status, reason = self._read_status()
                              ^^^^^^^^^^^^^^^^^^^
  File "C:\Program Files\WindowsApps\PythonSoftwareFoundation.Python.3.11_3.11.2544.0_x64__qbz5n2kfra8p0\Lib\http\client.py", line 294, in _read_status
    raise RemoteDisconnected("Remote end closed connection without"
urllib3.exceptions.ProtocolError: ('Connection aborted.', RemoteDisconnected('Remote end closed connection without response'))

During handling of the above exception, another exception occurred:

Traceback (most recent call last):
  File "C:\Labs\353504_Antonava_01\STRWEB\LR2\ZooShopApp\.venv\Lib\site-packages\django\core\handlers\exception.py", line 55, in inner
    response = get_response(request)
               ^^^^^^^^^^^^^^^^^^^^^
  File "C:\Labs\353504_Antonava_01\STRWEB\LR2\ZooShopApp\.venv\Lib\site-packages\django\core\handlers\base.py", line 197, in _get_response
    response = wrapped_callback(request, *callback_args, **callback_kwargs)
               ^^^^^^^^^^^^^^^^^^^^^^^^^^^^^^^^^^^^^^^^^^^^^^^^^^^^^^^^^^^^
  File "C:\Labs\353504_Antonava_01\STRWEB\LR2\ZooShopApp\main\views.py", line 87, in news
    response = requests.get(NEWS_URL)
               ^^^^^^^^^^^^^^^^^^^^^^
  File "C:\Labs\353504_Antonava_01\STRWEB\LR2\ZooShopApp\.venv\Lib\site-packages\requests\api.py", line 73, in get
    return request("get", url, params=params, **kwargs)
           ^^^^^^^^^^^^^^^^^^^^^^^^^^^^^^^^^^^^^^^^^^^^
  File "C:\Labs\353504_Antonava_01\STRWEB\LR2\ZooShopApp\.venv\Lib\site-packages\requests\api.py", line 59, in request
    return session.request(method=method, url=url, **kwargs)
           ^^^^^^^^^^^^^^^^^^^^^^^^^^^^^^^^^^^^^^^^^^^^^^^^^
  File "C:\Labs\353504_Antonava_01\STRWEB\LR2\ZooShopApp\.venv\Lib\site-packages\requests\sessions.py", line 589, in request
    resp = self.send(prep, **send_kwargs)
           ^^^^^^^^^^^^^^^^^^^^^^^^^^^^^^
  File "C:\Labs\353504_Antonava_01\STRWEB\LR2\ZooShopApp\.venv\Lib\site-packages\requests\sessions.py", line 703, in send
    r = adapter.send(request, **kwargs)
        ^^^^^^^^^^^^^^^^^^^^^^^^^^^^^^^
  File "C:\Labs\353504_Antonava_01\STRWEB\LR2\ZooShopApp\.venv\Lib\site-packages\requests\adapters.py", line 659, in send
    raise ConnectionError(err, request=request)
requests.exceptions.ConnectionError: ('Connection aborted.', RemoteDisconnected('Remote end closed connection without response'))
INFO 2025-10-06 18:26:52,466 basehttp - Broken pipe from ('127.0.0.1', 64419)
INFO 2025-10-06 18:26:55,825 basehttp "GET /news/ HTTP/1.1" 200 18257
INFO 2025-10-06 18:26:55,843 basehttp "GET /static/css/main/news.css HTTP/1.1" 304 0
INFO 2025-10-06 18:27:36,787 autoreload Watching for file changes with StatReloader
INFO 2025-10-06 18:27:43,205 basehttp "GET / HTTP/1.1" 200 11201
INFO 2025-10-06 18:27:43,230 basehttp "GET /static/css/base.css HTTP/1.1" 304 0
INFO 2025-10-06 18:27:54,595 basehttp "GET / HTTP/1.1" 200 11201
ERROR 2025-10-06 18:27:56,185 log Internal Server Error: /news/
Traceback (most recent call last):
  File "C:\Labs\353504_Antonava_01\STRWEB\LR2\ZooShopApp\.venv\Lib\site-packages\urllib3\connectionpool.py", line 787, in urlopen
    response = self._make_request(
               ^^^^^^^^^^^^^^^^^^^
  File "C:\Labs\353504_Antonava_01\STRWEB\LR2\ZooShopApp\.venv\Lib\site-packages\urllib3\connectionpool.py", line 534, in _make_request
    response = conn.getresponse()
               ^^^^^^^^^^^^^^^^^^
  File "C:\Labs\353504_Antonava_01\STRWEB\LR2\ZooShopApp\.venv\Lib\site-packages\urllib3\connection.py", line 565, in getresponse
    httplib_response = super().getresponse()
                       ^^^^^^^^^^^^^^^^^^^^^
  File "C:\Program Files\WindowsApps\PythonSoftwareFoundation.Python.3.11_3.11.2544.0_x64__qbz5n2kfra8p0\Lib\http\client.py", line 1395, in getresponse
    response.begin()
  File "C:\Program Files\WindowsApps\PythonSoftwareFoundation.Python.3.11_3.11.2544.0_x64__qbz5n2kfra8p0\Lib\http\client.py", line 325, in begin
    version, status, reason = self._read_status()
                              ^^^^^^^^^^^^^^^^^^^
  File "C:\Program Files\WindowsApps\PythonSoftwareFoundation.Python.3.11_3.11.2544.0_x64__qbz5n2kfra8p0\Lib\http\client.py", line 294, in _read_status
    raise RemoteDisconnected("Remote end closed connection without"
http.client.RemoteDisconnected: Remote end closed connection without response

During handling of the above exception, another exception occurred:

Traceback (most recent call last):
  File "C:\Labs\353504_Antonava_01\STRWEB\LR2\ZooShopApp\.venv\Lib\site-packages\requests\adapters.py", line 644, in send
    resp = conn.urlopen(
           ^^^^^^^^^^^^^
  File "C:\Labs\353504_Antonava_01\STRWEB\LR2\ZooShopApp\.venv\Lib\site-packages\urllib3\connectionpool.py", line 841, in urlopen
    retries = retries.increment(
              ^^^^^^^^^^^^^^^^^^
  File "C:\Labs\353504_Antonava_01\STRWEB\LR2\ZooShopApp\.venv\Lib\site-packages\urllib3\util\retry.py", line 474, in increment
    raise reraise(type(error), error, _stacktrace)
          ^^^^^^^^^^^^^^^^^^^^^^^^^^^^^^^^^^^^^^^^
  File "C:\Labs\353504_Antonava_01\STRWEB\LR2\ZooShopApp\.venv\Lib\site-packages\urllib3\util\util.py", line 38, in reraise
    raise value.with_traceback(tb)
  File "C:\Labs\353504_Antonava_01\STRWEB\LR2\ZooShopApp\.venv\Lib\site-packages\urllib3\connectionpool.py", line 787, in urlopen
    response = self._make_request(
               ^^^^^^^^^^^^^^^^^^^
  File "C:\Labs\353504_Antonava_01\STRWEB\LR2\ZooShopApp\.venv\Lib\site-packages\urllib3\connectionpool.py", line 534, in _make_request
    response = conn.getresponse()
               ^^^^^^^^^^^^^^^^^^
  File "C:\Labs\353504_Antonava_01\STRWEB\LR2\ZooShopApp\.venv\Lib\site-packages\urllib3\connection.py", line 565, in getresponse
    httplib_response = super().getresponse()
                       ^^^^^^^^^^^^^^^^^^^^^
  File "C:\Program Files\WindowsApps\PythonSoftwareFoundation.Python.3.11_3.11.2544.0_x64__qbz5n2kfra8p0\Lib\http\client.py", line 1395, in getresponse
    response.begin()
  File "C:\Program Files\WindowsApps\PythonSoftwareFoundation.Python.3.11_3.11.2544.0_x64__qbz5n2kfra8p0\Lib\http\client.py", line 325, in begin
    version, status, reason = self._read_status()
                              ^^^^^^^^^^^^^^^^^^^
  File "C:\Program Files\WindowsApps\PythonSoftwareFoundation.Python.3.11_3.11.2544.0_x64__qbz5n2kfra8p0\Lib\http\client.py", line 294, in _read_status
    raise RemoteDisconnected("Remote end closed connection without"
urllib3.exceptions.ProtocolError: ('Connection aborted.', RemoteDisconnected('Remote end closed connection without response'))

During handling of the above exception, another exception occurred:

Traceback (most recent call last):
  File "C:\Labs\353504_Antonava_01\STRWEB\LR2\ZooShopApp\.venv\Lib\site-packages\django\core\handlers\exception.py", line 55, in inner
    response = get_response(request)
               ^^^^^^^^^^^^^^^^^^^^^
  File "C:\Labs\353504_Antonava_01\STRWEB\LR2\ZooShopApp\.venv\Lib\site-packages\django\core\handlers\base.py", line 197, in _get_response
    response = wrapped_callback(request, *callback_args, **callback_kwargs)
               ^^^^^^^^^^^^^^^^^^^^^^^^^^^^^^^^^^^^^^^^^^^^^^^^^^^^^^^^^^^^
  File "C:\Labs\353504_Antonava_01\STRWEB\LR2\ZooShopApp\main\views.py", line 87, in news
    response = requests.get(NEWS_URL)
               ^^^^^^^^^^^^^^^^^^^^^^
  File "C:\Labs\353504_Antonava_01\STRWEB\LR2\ZooShopApp\.venv\Lib\site-packages\requests\api.py", line 73, in get
    return request("get", url, params=params, **kwargs)
           ^^^^^^^^^^^^^^^^^^^^^^^^^^^^^^^^^^^^^^^^^^^^
  File "C:\Labs\353504_Antonava_01\STRWEB\LR2\ZooShopApp\.venv\Lib\site-packages\requests\api.py", line 59, in request
    return session.request(method=method, url=url, **kwargs)
           ^^^^^^^^^^^^^^^^^^^^^^^^^^^^^^^^^^^^^^^^^^^^^^^^^
  File "C:\Labs\353504_Antonava_01\STRWEB\LR2\ZooShopApp\.venv\Lib\site-packages\requests\sessions.py", line 589, in request
    resp = self.send(prep, **send_kwargs)
           ^^^^^^^^^^^^^^^^^^^^^^^^^^^^^^
  File "C:\Labs\353504_Antonava_01\STRWEB\LR2\ZooShopApp\.venv\Lib\site-packages\requests\sessions.py", line 703, in send
    r = adapter.send(request, **kwargs)
        ^^^^^^^^^^^^^^^^^^^^^^^^^^^^^^^
  File "C:\Labs\353504_Antonava_01\STRWEB\LR2\ZooShopApp\.venv\Lib\site-packages\requests\adapters.py", line 659, in send
    raise ConnectionError(err, request=request)
requests.exceptions.ConnectionError: ('Connection aborted.', RemoteDisconnected('Remote end closed connection without response'))
INFO 2025-10-06 18:27:56,195 basehttp - Broken pipe from ('127.0.0.1', 62937)
INFO 2025-10-06 18:27:57,913 basehttp "GET /news/ HTTP/1.1" 200 18035
INFO 2025-10-06 18:27:57,931 basehttp "GET /static/css/main/news.css HTTP/1.1" 304 0
INFO 2025-10-06 18:28:09,830 basehttp "GET / HTTP/1.1" 200 11201
INFO 2025-10-06 18:28:36,428 autoreload Watching for file changes with StatReloader
INFO 2025-10-06 18:28:58,747 basehttp "GET / HTTP/1.1" 200 11201
INFO 2025-10-06 18:28:58,767 basehttp "GET /static/css/base.css HTTP/1.1" 304 0
INFO 2025-10-06 18:29:03,084 basehttp "GET /news/ HTTP/1.1" 200 18607
INFO 2025-10-06 18:29:03,218 basehttp "GET /static/css/main/news.css HTTP/1.1" 200 2508
INFO 2025-10-06 18:29:05,970 basehttp "GET / HTTP/1.1" 200 11201
WARNING 2025-10-06 18:29:09,499 log Not Found: /.well-known/appspecific/com.chrome.devtools.json
WARNING 2025-10-06 18:29:09,500 basehttp "GET /.well-known/appspecific/com.chrome.devtools.json HTTP/1.1" 404 5872
INFO 2025-10-06 18:31:35,595 autoreload Watching for file changes with StatReloader
INFO 2025-10-06 18:31:43,173 basehttp "GET / HTTP/1.1" 200 11201
INFO 2025-10-06 18:31:43,192 basehttp "GET /static/css/base.css HTTP/1.1" 304 0
INFO 2025-10-06 18:31:43,315 basehttp "GET /static/css/main/index.css HTTP/1.1" 200 5662
