INFO 2025-05-28 19:41:58,256 autoreload Watching for file changes with StatReloader
INFO 2025-05-28 19:42:03,291 basehttp "GET /user/profile/ HTTP/1.1" 200 23499
INFO 2025-05-28 19:42:05,090 basehttp "GET / HTTP/1.1" 200 10391
INFO 2025-05-28 19:42:08,366 basehttp "GET /news/ HTTP/1.1" 200 12228
INFO 2025-05-28 19:44:39,263 autoreload Watching for file changes with StatReloader
INFO 2025-05-28 19:47:15,539 basehttp "GET / HTTP/1.1" 200 10391
INFO 2025-05-28 19:48:43,407 basehttp "GET / HTTP/1.1" 200 10391
INFO 2025-05-28 19:48:50,832 basehttp "GET / HTTP/1.1" 200 10391
INFO 2025-05-28 19:48:58,173 basehttp "GET /news/ HTTP/1.1" 200 12241
INFO 2025-05-28 19:49:07,540 basehttp "GET /contact/ HTTP/1.1" 200 11800
INFO 2025-05-28 19:49:07,560 basehttp "GET /media/users/506e8fe625c1f8707cec23d6b130dc08_sqZJoDz.jpeg HTTP/1.1" 304 0
INFO 2025-05-28 19:49:07,562 basehttp "GET /media/users/9a14b8b2c9494052fab98e31e76bb929.jpg HTTP/1.1" 304 0
INFO 2025-05-28 19:49:24,241 basehttp "GET /faq/ HTTP/1.1" 200 10188
INFO 2025-05-28 19:49:29,242 basehttp "GET /faq/ HTTP/1.1" 200 10188
INFO 2025-05-28 19:49:37,969 basehttp "GET /about/ HTTP/1.1" 200 10245
INFO 2025-05-28 19:49:45,991 basehttp "GET /privacy_policy/ HTTP/1.1" 200 8822
INFO 2025-05-28 19:49:53,435 basehttp "GET /promotional/ HTTP/1.1" 200 9094
INFO 2025-05-28 19:50:01,862 basehttp "GET /jobs/ HTTP/1.1" 200 12849
INFO 2025-05-28 19:50:04,354 basehttp "GET /reviews/ HTTP/1.1" 200 11871
INFO 2025-05-28 19:50:08,273 basehttp "GET /analytics/ HTTP/1.1" 200 9581
INFO 2025-05-28 19:50:09,081 basehttp "GET /media/charts/korm.png HTTP/1.1" 200 28819
INFO 2025-05-28 19:50:09,113 basehttp "GET /media/charts/aksessuary.png HTTP/1.1" 200 22644
INFO 2025-05-28 19:50:09,271 basehttp "GET /media/charts/all.png HTTP/1.1" 200 33018
INFO 2025-05-28 19:50:09,284 basehttp "GET /media/charts/igrushki.png HTTP/1.1" 200 26227
INFO 2025-05-28 19:50:10,007 basehttp "GET /analytics/ HTTP/1.1" 200 9581
INFO 2025-05-28 19:50:10,028 basehttp "GET /media/charts/all.png HTTP/1.1" 200 33018
INFO 2025-05-28 19:50:10,042 basehttp "GET /media/charts/korm.png HTTP/1.1" 200 28819
INFO 2025-05-28 19:50:10,050 basehttp "GET /media/charts/aksessuary.png HTTP/1.1" 200 22644
INFO 2025-05-28 19:50:10,051 basehttp "GET /media/charts/igrushki.png HTTP/1.1" 200 26227
INFO 2025-05-28 19:50:18,982 basehttp "GET /user/users-cart/ HTTP/1.1" 200 7991
INFO 2025-05-28 19:51:08,293 basehttp "GET /user/profile/ HTTP/1.1" 200 23499
INFO 2025-05-28 19:51:18,945 basehttp "GET /user/logout/ HTTP/1.1" 302 0
INFO 2025-05-28 19:51:18,967 basehttp "GET / HTTP/1.1" 200 8052
INFO 2025-05-28 19:51:27,403 basehttp "GET /catalog/korm/ HTTP/1.1" 200 12292
INFO 2025-05-28 19:51:31,008 basehttp "GET /catalog/product/konservy-dlya-koshek/ HTTP/1.1" 200 8310
WARNING 2025-05-28 19:51:31,044 basehttp "GET /static/goods_images/cat_food.jpg HTTP/1.1" 404 1889
INFO 2025-05-28 19:51:39,220 basehttp "GET /catalog/search/?q= HTTP/1.1" 200 8822
INFO 2025-05-28 19:51:55,131 basehttp "GET /catalog/search/?q=%D0%B5%D0%B4%D0%B0 HTTP/1.1" 200 8842
INFO 2025-05-28 19:52:06,198 basehttp "GET /catalog/search/?q=%D0%BA%D0%BE%D1%80%D0%BC HTTP/1.1" 200 12145
INFO 2025-05-28 19:52:06,221 basehttp "GET /media/goods_images/bird_cage.jpg HTTP/1.1" 304 0
INFO 2025-05-28 19:52:06,221 basehttp "GET /media/goods_images/dog_food.jpg HTTP/1.1" 304 0
INFO 2025-05-28 19:52:27,782 basehttp "GET /catalog/search/?q=%D0%B5%D0%B4%D0%B0 HTTP/1.1" 200 8842
INFO 2025-05-28 19:52:54,532 basehttp "GET / HTTP/1.1" 200 7922
INFO 2025-05-28 19:53:13,565 basehttp "GET /analytics/ HTTP/1.1" 200 8611
INFO 2025-05-28 19:53:13,624 basehttp "GET /media/charts/korm.png HTTP/1.1" 200 28819
INFO 2025-05-28 19:53:13,629 basehttp "GET /media/charts/aksessuary.png HTTP/1.1" 200 22644
INFO 2025-05-28 19:53:13,630 basehttp "GET /media/charts/all.png HTTP/1.1" 200 33018
INFO 2025-05-28 19:53:13,659 basehttp "GET /media/charts/igrushki.png HTTP/1.1" 200 26227
INFO 2025-05-28 19:53:30,760 basehttp "GET / HTTP/1.1" 200 7922
INFO 2025-05-28 19:54:00,957 basehttp "GET /catalog/all/ HTTP/1.1" 200 12708
INFO 2025-05-28 19:54:12,027 basehttp "GET / HTTP/1.1" 200 7922
INFO 2025-05-28 19:54:13,038 basehttp "GET / HTTP/1.1" 200 7922
INFO 2025-05-28 19:54:15,945 basehttp "GET /catalog/korm/ HTTP/1.1" 200 12292
INFO 2025-05-28 19:54:21,927 basehttp "GET /catalog/all/ HTTP/1.1" 200 12708
INFO 2025-05-28 19:54:27,577 basehttp "GET /catalog/all/?page=2 HTTP/1.1" 200 12678
INFO 2025-05-28 19:54:37,579 basehttp "GET /catalog/all/?page=3 HTTP/1.1" 200 12769
INFO 2025-05-28 19:54:45,737 basehttp "GET /news/ HTTP/1.1" 200 11107
INFO 2025-05-28 19:54:52,191 basehttp "GET /contact/ HTTP/1.1" 200 10830
INFO 2025-05-28 19:55:28,692 basehttp "GET /jobs/ HTTP/1.1" 200 11879
INFO 2025-05-28 19:55:34,004 basehttp "GET /reviews/ HTTP/1.1" 200 10900
INFO 2025-05-28 19:55:43,279 basehttp "GET /analytics/ HTTP/1.1" 200 8611
INFO 2025-05-28 19:55:43,328 basehttp "GET /media/charts/korm.png HTTP/1.1" 200 28819
INFO 2025-05-28 19:55:43,333 basehttp "GET /media/charts/aksessuary.png HTTP/1.1" 200 22644
INFO 2025-05-28 19:55:43,335 basehttp "GET /media/charts/igrushki.png HTTP/1.1" 200 26227
INFO 2025-05-28 19:55:43,335 basehttp "GET /media/charts/all.png HTTP/1.1" 200 33018
INFO 2025-05-28 19:55:59,166 basehttp "GET / HTTP/1.1" 200 7922
ERROR 2025-05-28 20:30:37,978 log Internal Server Error: /catalog/all/
Traceback (most recent call last):
  File "C:\Labs\353504_Antonava_01\IGI\LR5\ZooShopApp\.venv\Lib\site-packages\django\core\handlers\exception.py", line 55, in inner
    response = get_response(request)
               ^^^^^^^^^^^^^^^^^^^^^
  File "C:\Labs\353504_Antonava_01\IGI\LR5\ZooShopApp\.venv\Lib\site-packages\django\core\handlers\base.py", line 197, in _get_response
    response = wrapped_callback(request, *callback_args, **callback_kwargs)
               ^^^^^^^^^^^^^^^^^^^^^^^^^^^^^^^^^^^^^^^^^^^^^^^^^^^^^^^^^^^^
  File "C:\Labs\353504_Antonava_01\IGI\LR5\ZooShopApp\goods\views.py", line 43, in catalog
    return render(request, 'goods/catalog.html', context)
           ^^^^^^^^^^^^^^^^^^^^^^^^^^^^^^^^^^^^^^^^^^^^^^
  File "C:\Labs\353504_Antonava_01\IGI\LR5\ZooShopApp\.venv\Lib\site-packages\django\shortcuts.py", line 25, in render
    content = loader.render_to_string(template_name, context, request, using=using)
              ^^^^^^^^^^^^^^^^^^^^^^^^^^^^^^^^^^^^^^^^^^^^^^^^^^^^^^^^^^^^^^^^^^^^^
  File "C:\Labs\353504_Antonava_01\IGI\LR5\ZooShopApp\.venv\Lib\site-packages\django\template\loader.py", line 62, in render_to_string
    return template.render(context, request)
           ^^^^^^^^^^^^^^^^^^^^^^^^^^^^^^^^^
  File "C:\Labs\353504_Antonava_01\IGI\LR5\ZooShopApp\.venv\Lib\site-packages\django\template\backends\django.py", line 107, in render
    return self.template.render(context)
           ^^^^^^^^^^^^^^^^^^^^^^^^^^^^^
  File "C:\Labs\353504_Antonava_01\IGI\LR5\ZooShopApp\.venv\Lib\site-packages\django\template\base.py", line 171, in render
    return self._render(context)
           ^^^^^^^^^^^^^^^^^^^^^
  File "C:\Labs\353504_Antonava_01\IGI\LR5\ZooShopApp\.venv\Lib\site-packages\django\test\utils.py", line 114, in instrumented_test_render
    return self.nodelist.render(context)
           ^^^^^^^^^^^^^^^^^^^^^^^^^^^^^
  File "C:\Labs\353504_Antonava_01\IGI\LR5\ZooShopApp\.venv\Lib\site-packages\django\template\base.py", line 1016, in render
    return SafeString("".join([node.render_annotated(context) for node in self]))
                              ^^^^^^^^^^^^^^^^^^^^^^^^^^^^^^^^^^^^^^^^^^^^^^^^^
  File "C:\Labs\353504_Antonava_01\IGI\LR5\ZooShopApp\.venv\Lib\site-packages\django\template\base.py", line 1016, in <listcomp>
    return SafeString("".join([node.render_annotated(context) for node in self]))
                               ^^^^^^^^^^^^^^^^^^^^^^^^^^^^^^
  File "C:\Labs\353504_Antonava_01\IGI\LR5\ZooShopApp\.venv\Lib\site-packages\django\template\base.py", line 977, in render_annotated
    return self.render(context)
           ^^^^^^^^^^^^^^^^^^^^
  File "C:\Labs\353504_Antonava_01\IGI\LR5\ZooShopApp\.venv\Lib\site-packages\django\template\loader_tags.py", line 159, in render
    return compiled_parent._render(context)
           ^^^^^^^^^^^^^^^^^^^^^^^^^^^^^^^^
  File "C:\Labs\353504_Antonava_01\IGI\LR5\ZooShopApp\.venv\Lib\site-packages\django\test\utils.py", line 114, in instrumented_test_render
    return self.nodelist.render(context)
           ^^^^^^^^^^^^^^^^^^^^^^^^^^^^^
  File "C:\Labs\353504_Antonava_01\IGI\LR5\ZooShopApp\.venv\Lib\site-packages\django\template\base.py", line 1016, in render
    return SafeString("".join([node.render_annotated(context) for node in self]))
                              ^^^^^^^^^^^^^^^^^^^^^^^^^^^^^^^^^^^^^^^^^^^^^^^^^
  File "C:\Labs\353504_Antonava_01\IGI\LR5\ZooShopApp\.venv\Lib\site-packages\django\template\base.py", line 1016, in <listcomp>
    return SafeString("".join([node.render_annotated(context) for node in self]))
                               ^^^^^^^^^^^^^^^^^^^^^^^^^^^^^^
  File "C:\Labs\353504_Antonava_01\IGI\LR5\ZooShopApp\.venv\Lib\site-packages\django\template\base.py", line 977, in render_annotated
    return self.render(context)
           ^^^^^^^^^^^^^^^^^^^^
  File "C:\Labs\353504_Antonava_01\IGI\LR5\ZooShopApp\.venv\Lib\site-packages\django\template\loader_tags.py", line 65, in render
    result = block.nodelist.render(context)
             ^^^^^^^^^^^^^^^^^^^^^^^^^^^^^^
  File "C:\Labs\353504_Antonava_01\IGI\LR5\ZooShopApp\.venv\Lib\site-packages\django\template\base.py", line 1016, in render
    return SafeString("".join([node.render_annotated(context) for node in self]))
                              ^^^^^^^^^^^^^^^^^^^^^^^^^^^^^^^^^^^^^^^^^^^^^^^^^
  File "C:\Labs\353504_Antonava_01\IGI\LR5\ZooShopApp\.venv\Lib\site-packages\django\template\base.py", line 1016, in <listcomp>
    return SafeString("".join([node.render_annotated(context) for node in self]))
                               ^^^^^^^^^^^^^^^^^^^^^^^^^^^^^^
  File "C:\Labs\353504_Antonava_01\IGI\LR5\ZooShopApp\.venv\Lib\site-packages\django\template\base.py", line 977, in render_annotated
    return self.render(context)
           ^^^^^^^^^^^^^^^^^^^^
  File "C:\Labs\353504_Antonava_01\IGI\LR5\ZooShopApp\.venv\Lib\site-packages\django\template\defaulttags.py", line 243, in render
    nodelist.append(node.render_annotated(context))
                    ^^^^^^^^^^^^^^^^^^^^^^^^^^^^^^
  File "C:\Labs\353504_Antonava_01\IGI\LR5\ZooShopApp\.venv\Lib\site-packages\django\template\base.py", line 977, in render_annotated
    return self.render(context)
           ^^^^^^^^^^^^^^^^^^^^
  File "C:\Labs\353504_Antonava_01\IGI\LR5\ZooShopApp\.venv\Lib\site-packages\django\template\defaulttags.py", line 480, in render
    url = reverse(view_name, args=args, kwargs=kwargs, current_app=current_app)
          ^^^^^^^^^^^^^^^^^^^^^^^^^^^^^^^^^^^^^^^^^^^^^^^^^^^^^^^^^^^^^^^^^^^^^
  File "C:\Labs\353504_Antonava_01\IGI\LR5\ZooShopApp\.venv\Lib\site-packages\django\urls\base.py", line 98, in reverse
    resolved_url = resolver._reverse_with_prefix(view, prefix, *args, **kwargs)
                   ^^^^^^^^^^^^^^^^^^^^^^^^^^^^^^^^^^^^^^^^^^^^^^^^^^^^^^^^^^^^
  File "C:\Labs\353504_Antonava_01\IGI\LR5\ZooShopApp\.venv\Lib\site-packages\django\urls\resolvers.py", line 831, in _reverse_with_prefix
    raise NoReverseMatch(msg)
django.urls.exceptions.NoReverseMatch: Reverse for 'product' with arguments '('',)' not found. 1 pattern(s) tried: ['catalog/product/(?P<product_slug>[\\w-]+)/$']
